[21:23:55] UFFTYPER: Unrecognized atom type: S_5+4 (28)
[21:23:56] UFFTYPER: Unrecognized atom type: S_5+4 (28)
[21:24:03] UFFTYPER: Unrecognized atom type: S_5+4 (39)
[21:24:03] UFFTYPER: Unrecognized atom type: S_5+4 (39)
[21:24:04] UFFTYPER: Unrecognized atom type: S_5+4 (35)
[21:24:05] UFFTYPER: Unrecognized atom type: S_5+4 (6)
[21:24:05] UFFTYPER: Unrecognized atom type: S_5+4 (6)
[21:24:22] UFFTYPER: Unrecognized atom type: S_5+4 (35)
[21:24:24] UFFTYPER: Unrecognized atom type: S_5+4 (15)
[21:24:24] UFFTYPER: Unrecognized atom type: S_5+4 (15)
[21:24:27] UFFTYPER: Unrecognized atom type: S_6+6 (18)
[21:25:20] UFFTYPER: Unrecognized atom type: S_6+6 (18)
[21:25:21] UFFTYPER: Unrecognized atom type: S_5+4 (12)
[21:25:21] UFFTYPER: Unrecognized atom type: S_5+4 (12)
[21:32:51] UFFTYPER: Unrecognized atom type: S_5+4 (30)
[21:32:52] UFFTYPER: Unrecognized atom type: S_5+4 (30)
[21:32:54] UFFTYPER: Unrecognized atom type: S_5+4 (29)
[21:32:55] UFFTYPER: Unrecognized atom type: S_5+4 (29)
[21:32:56] UFFTYPER: Unrecognized atom type: S_5+4 (30)
[21:32:56] UFFTYPER: Unrecognized atom type: S_5+4 (29)
[21:32:57] UFFTYPER: Unrecognized atom type: S_5+4 (30)
[21:32:57] UFFTYPER: Unrecognized atom type: S_5+4 (29)
[21:32:58] UFFTYPER: Unrecognized atom type: S_5+4 (50)
[21:32:58] UFFTYPER: Unrecognized atom type: S_5+4 (29)
[21:32:59] UFFTYPER: Unrecognized atom type: S_5+4 (50)
[21:32:59] UFFTYPER: Unrecognized atom type: S_5+4 (29)
[21:33:01] UFFTYPER: Unrecognized atom type: S_5+4 (49)
[21:33:01] UFFTYPER: Unrecognized atom type: S_5+4 (28)
[21:33:01] UFFTYPER: Unrecognized atom type: S_5+4 (30)
[21:33:01] UFFTYPER: Unrecognized atom type: S_5+4 (49)
[21:33:01] UFFTYPER: Unrecognized atom type: S_5+4 (28)
[21:33:02] UFFTYPER: Unrecognized atom type: S_5+4 (49)
[21:33:02] UFFTYPER: Unrecognized atom type: S_5+4 (49)
[21:33:02] UFFTYPER: Unrecognized atom type: S_5+4 (30)
[21:33:03] UFFTYPER: Unrecognized atom type: S_5+4 (30)
[21:33:03] UFFTYPER: Unrecognized atom type: S_5+4 (28)
[21:33:03] UFFTYPER: Unrecognized atom type: S_5+4 (54)
[21:33:03] UFFTYPER: Unrecognized atom type: S_5+4 (31)
[21:33:04] UFFTYPER: Unrecognized atom type: S_5+4 (30)
[21:33:04] UFFTYPER: Unrecognized atom type: S_5+4 (54)
[21:33:04] UFFTYPER: Unrecognized atom type: S_5+4 (28)
[21:33:04] UFFTYPER: Unrecognized atom type: S_5+4 (31)
[21:33:05] UFFTYPER: Unrecognized atom type: S_5+4 (49)
[21:33:05] UFFTYPER: Unrecognized atom type: S_5+4 (30)
[21:33:06] UFFTYPER: Unrecognized atom type: S_5+4 (49)
[21:33:06] UFFTYPER: Unrecognized atom type: S_5+4 (28)
[21:33:06] UFFTYPER: Unrecognized atom type: S_5+4 (30)
[21:33:06] UFFTYPER: Unrecognized atom type: S_5+4 (49)
[21:33:07] UFFTYPER: Unrecognized atom type: S_5+4 (49)
[21:33:07] UFFTYPER: Unrecognized atom type: S_5+4 (51)
[21:33:08] UFFTYPER: Unrecognized atom type: S_5+4 (31)
[21:33:08] UFFTYPER: Unrecognized atom type: S_5+4 (51)
[21:33:08] UFFTYPER: Unrecognized atom type: S_5+4 (28)
[21:33:09] UFFTYPER: Unrecognized atom type: S_5+4 (30)
[21:33:09] UFFTYPER: Unrecognized atom type: S_5+4 (31)
[21:33:09] UFFTYPER: Unrecognized atom type: S_5+4 (30)
[21:33:10] UFFTYPER: Unrecognized atom type: S_5+4 (50)
[21:33:10] UFFTYPER: Unrecognized atom type: S_5+4 (30)
[21:33:10] UFFTYPER: Unrecognized atom type: S_5+4 (29)
[21:33:10] UFFTYPER: Unrecognized atom type: S_5+4 (30)
[21:33:11] UFFTYPER: Unrecognized atom type: S_5+4 (50)
[21:33:11] UFFTYPER: Unrecognized atom type: S_5+4 (29)
[21:33:11] UFFTYPER: Unrecognized atom type: S_5+4 (49)
[21:33:11] UFFTYPER: Unrecognized atom type: S_5+4 (50)
[21:33:12] UFFTYPER: Unrecognized atom type: S_5+4 (29)
[21:33:12] UFFTYPER: Unrecognized atom type: S_5+4 (50)
[21:33:12] UFFTYPER: Unrecognized atom type: S_5+4 (50)
[21:33:13] UFFTYPER: Unrecognized atom type: S_5+4 (49)
[21:33:13] UFFTYPER: Unrecognized atom type: S_5+4 (29)
[21:33:13] UFFTYPER: Unrecognized atom type: S_5+4 (50)
[21:33:14] UFFTYPER: Unrecognized atom type: S_5+4 (31)
[21:33:14] UFFTYPER: Unrecognized atom type: S_5+4 (52)
[21:33:14] UFFTYPER: Unrecognized atom type: S_5+4 (29)
[21:33:15] UFFTYPER: Unrecognized atom type: S_5+4 (51)
[21:33:15] UFFTYPER: Unrecognized atom type: S_5+4 (31)
[21:33:15] UFFTYPER: Unrecognized atom type: S_5+4 (52)
[21:33:15] UFFTYPER: Unrecognized atom type: S_5+4 (29)
[21:33:15] UFFTYPER: Unrecognized atom type: S_5+4 (51)
[21:33:16] UFFTYPER: Unrecognized atom type: S_5+4 (50)
[21:33:16] UFFTYPER: Unrecognized atom type: S_5+4 (51)
[21:33:16] UFFTYPER: Unrecognized atom type: S_5+4 (51)
[21:33:17] UFFTYPER: Unrecognized atom type: S_5+4 (50)
[21:33:17] UFFTYPER: Unrecognized atom type: S_5+4 (51)
[21:33:17] UFFTYPER: Unrecognized atom type: S_5+4 (50)
[21:33:17] UFFTYPER: Unrecognized atom type: S_5+4 (51)
[21:33:18] UFFTYPER: Unrecognized atom type: S_5+4 (50)
[21:33:18] UFFTYPER: Unrecognized atom type: S_5+4 (30)
[21:33:18] UFFTYPER: Unrecognized atom type: S_5+4 (49)
[21:33:19] UFFTYPER: Unrecognized atom type: S_5+4 (30)
[21:33:19] UFFTYPER: Unrecognized atom type: S_5+4 (49)
[21:33:19] UFFTYPER: Unrecognized atom type: S_5+4 (30)
[21:33:19] UFFTYPER: Unrecognized atom type: S_5+4 (30)
[21:33:19] UFFTYPER: Unrecognized atom type: S_5+4 (30)
[21:33:20] UFFTYPER: Unrecognized atom type: S_5+4 (30)
[21:33:20] UFFTYPER: Unrecognized atom type: S_5+4 (55)
[21:33:20] UFFTYPER: Unrecognized atom type: S_5+4 (49)
[21:33:21] UFFTYPER: Unrecognized atom type: S_5+4 (52)
[21:33:21] UFFTYPER: Unrecognized atom type: S_5+4 (49)
[21:33:21] UFFTYPER: Unrecognized atom type: S_5+4 (52)
[21:33:21] UFFTYPER: Unrecognized atom type: S_5+4 (49)
[21:33:22] UFFTYPER: Unrecognized atom type: S_5+4 (55)
[21:33:23] UFFTYPER: Unrecognized atom type: S_5+4 (49)
[21:33:23] UFFTYPER: Unrecognized atom type: S_5+4 (52)
[21:33:23] UFFTYPER: Unrecognized atom type: S_5+4 (51)
[21:33:23] UFFTYPER: Unrecognized atom type: S_5+4 (51)
[21:33:23] UFFTYPER: Unrecognized atom type: S_5+4 (51)
[21:33:23] UFFTYPER: Unrecognized atom type: S_5+4 (52)
[21:33:24] UFFTYPER: Unrecognized atom type: S_5+4 (51)
[21:33:24] UFFTYPER: Unrecognized atom type: S_5+4 (55)
[21:33:25] UFFTYPER: Unrecognized atom type: S_5+4 (52)
[21:33:25] UFFTYPER: Unrecognized atom type: S_5+4 (50)
[21:33:25] UFFTYPER: Unrecognized atom type: S_5+4 (51)
[21:33:25] UFFTYPER: Unrecognized atom type: S_5+4 (55)
[21:33:25] UFFTYPER: Unrecognized atom type: S_5+4 (52)
[21:33:26] UFFTYPER: Unrecognized atom type: S_5+4 (51)
[21:33:26] UFFTYPER: Unrecognized atom type: S_5+4 (50)
[21:33:26] UFFTYPER: Unrecognized atom type: S_5+4 (52)
[21:33:27] UFFTYPER: Unrecognized atom type: S_5+4 (29)
[21:33:27] UFFTYPER: Unrecognized atom type: S_5+4 (50)
[21:33:28] UFFTYPER: Unrecognized atom type: S_5+4 (52)
[21:33:28] UFFTYPER: Unrecognized atom type: S_5+4 (29)
[21:33:28] UFFTYPER: Unrecognized atom type: S_5+4 (50)
[21:33:29] UFFTYPER: Unrecognized atom type: S_5+4 (53)
[21:33:29] UFFTYPER: Unrecognized atom type: S_5+4 (31)
[21:33:30] UFFTYPER: Unrecognized atom type: S_5+4 (29)
[21:33:30] UFFTYPER: Unrecognized atom type: S_5+4 (31)
[21:33:30] UFFTYPER: Unrecognized atom type: S_5+4 (53)
[21:33:31] UFFTYPER: Unrecognized atom type: S_5+4 (29)
[21:33:31] UFFTYPER: Unrecognized atom type: S_5+4 (29)
[21:33:31] UFFTYPER: Unrecognized atom type: S_5+4 (50)
[21:33:32] UFFTYPER: Unrecognized atom type: S_5+4 (54)
[21:33:32] UFFTYPER: Unrecognized atom type: S_5+4 (29)
[21:33:32] UFFTYPER: Unrecognized atom type: S_5+4 (50)
[21:33:33] UFFTYPER: Unrecognized atom type: S_5+4 (54)
[21:33:34] UFFTYPER: Unrecognized atom type: S_5+4 (50)
[21:33:34] UFFTYPER: Unrecognized atom type: S_5+4 (50)
[21:33:34] UFFTYPER: Unrecognized atom type: S_5+4 (30)
[21:33:34] UFFTYPER: Unrecognized atom type: S_5+4 (50)
[21:33:35] UFFTYPER: Unrecognized atom type: S_5+4 (30)
[21:33:35] UFFTYPER: Unrecognized atom type: S_5+4 (31)
[21:33:36] UFFTYPER: Unrecognized atom type: S_5+4 (50)
[21:33:36] UFFTYPER: Unrecognized atom type: S_5+4 (31)
[21:33:37] UFFTYPER: Unrecognized atom type: S_5+4 (51)
[21:33:37] UFFTYPER: Unrecognized atom type: S_5+4 (30)
[21:33:38] UFFTYPER: Unrecognized atom type: S_5+4 (51)
[21:33:38] UFFTYPER: Unrecognized atom type: S_5+4 (30)
[21:33:40] UFFTYPER: Unrecognized atom type: S_5+4 (52)
[21:33:41] UFFTYPER: Unrecognized atom type: S_5+4 (52)
[21:33:43] UFFTYPER: Unrecognized atom type: S_5+4 (31)
[21:33:43] UFFTYPER: Unrecognized atom type: S_5+4 (31)
[21:49:22] [21:49:22] [21:49:22] UFFTYPER: Unrecognized atom type: UFFTYPER: Unrecognized atom type: S_5+4S_5+4 ( (52UFFTYPER: Unrecognized atom type: )53S_5+4)
 (
53)
[21:49:22] UFFTYPER: Unrecognized atom type: S_5+4 (33)
[21:49:23] UFFTYPER: Unrecognized atom type: S_5+4 (53)
[21:49:23] UFFTYPER: Unrecognized atom type: S_5+4 (53)
[21:49:23] UFFTYPER: Unrecognized atom type: S_5+4 (52)
[21:49:23] UFFTYPER: Unrecognized atom type: S_5+4 (33)
[21:49:24] UFFTYPER: Unrecognized atom type: S_5+4 (29)
[21:49:24] UFFTYPER: Unrecognized atom type: S_5+4 (55)
[21:49:25] UFFTYPER: Unrecognized atom type: S_5+4 (50)
[21:49:25] UFFTYPER: Unrecognized atom type: S_5+4 (29)
[21:49:25] UFFTYPER: Unrecognized atom type: S_5+4 (29)
[21:49:25] UFFTYPER: Unrecognized atom type: S_5+4 (55)
[21:49:26] UFFTYPER: Unrecognized atom type: S_5+4 (29)
[21:49:26] UFFTYPER: Unrecognized atom type: S_5+4 (50)
[21:49:26] UFFTYPER: Unrecognized atom type: S_5+4 (51)
[21:49:27] UFFTYPER: Unrecognized atom type: S_5+4 (31)
[21:49:27] UFFTYPER: Unrecognized atom type: S_5+4 (52)
[21:49:27] UFFTYPER: Unrecognized atom type: S_5+4 (51)
[21:49:27] UFFTYPER: Unrecognized atom type: S_5+4 (31)
[21:49:28] UFFTYPER: Unrecognized atom type: S_5+4 (31)
[21:49:28] UFFTYPER: Unrecognized atom type: S_5+4 (31)
[21:49:28] UFFTYPER: Unrecognized atom type: S_5+4 (55)
[21:49:29] UFFTYPER: Unrecognized atom type: S_5+4 (51)
[21:49:29] UFFTYPER: Unrecognized atom type: S_5+4 (55)
[21:49:29] UFFTYPER: Unrecognized atom type: S_5+4 (31)
[21:49:30] UFFTYPER: Unrecognized atom type: S_5+4 (52)
[21:49:30] UFFTYPER: Unrecognized atom type: S_5+4 (31)
[21:49:31] UFFTYPER: Unrecognized atom type: S_5+4 (53)
[21:49:31] UFFTYPER: Unrecognized atom type: S_5+4 (51)
[21:49:31] UFFTYPER: Unrecognized atom type: S_5+4 (54)
[21:49:31] UFFTYPER: Unrecognized atom type: S_5+4 (53)
[21:49:32] UFFTYPER: Unrecognized atom type: S_5+4 (51)
[21:49:32] UFFTYPER: Unrecognized atom type: S_5+4 (55)
[21:49:32] UFFTYPER: Unrecognized atom type: S_5+4 (54)
[21:49:32] UFFTYPER: Unrecognized atom type: S_5+4 (51)
[21:49:33] UFFTYPER: Unrecognized atom type: S_5+4 (32)
[21:49:33] UFFTYPER: Unrecognized atom type: S_5+4 (55)
[21:49:34] UFFTYPER: Unrecognized atom type: S_5+4 (52)
[21:49:34] UFFTYPER: Unrecognized atom type: S_5+4 (55)
[21:49:34] UFFTYPER: Unrecognized atom type: S_5+4 (32)
[21:49:35] UFFTYPER: Unrecognized atom type: S_5+4 (52)
[21:49:35] UFFTYPER: Unrecognized atom type: S_5+4 (51)
[21:49:35] UFFTYPER: Unrecognized atom type: S_5+4 (55)
[21:49:35] UFFTYPER: Unrecognized atom type: S_5+4 (31)
[21:49:36] UFFTYPER: Unrecognized atom type: S_5+4 (55)
[21:49:36] UFFTYPER: Unrecognized atom type: S_5+4 (31)
[21:49:36] UFFTYPER: Unrecognized atom type: S_5+4 (51)
[21:49:36] UFFTYPER: Unrecognized atom type: S_5+4 (51)
[21:49:37] UFFTYPER: Unrecognized atom type: S_5+4 (55)
[21:49:37] UFFTYPER: Unrecognized atom type: S_5+4 (51)
[21:49:37] UFFTYPER: Unrecognized atom type: S_5+4 (29)
[21:49:38] UFFTYPER: Unrecognized atom type: S_5+4 (51)
[21:49:38] UFFTYPER: Unrecognized atom type: S_5+4 (32)
[21:49:38] UFFTYPER: Unrecognized atom type: S_5+4 (29)
[21:49:38] UFFTYPER: Unrecognized atom type: S_5+4 (51)
[21:49:39] UFFTYPER: Unrecognized atom type: S_5+4 (32)
[21:49:39] UFFTYPER: Unrecognized atom type: S_5+4 (32)
[21:49:40] UFFTYPER: Unrecognized atom type: S_5+4 (32)
[21:49:40] UFFTYPER: Unrecognized atom type: S_5+4 (30)
[21:49:40] UFFTYPER: Unrecognized atom type: S_5+4 (30)
[21:49:41] UFFTYPER: Unrecognized atom type: S_5+4 (54)
[21:49:42] UFFTYPER: Unrecognized atom type: S_5+4 (54)
[22:18:44] UFFTYPER: Unrecognized atom type: S_5+4 (38)
[22:18:44] UFFTYPER: Unrecognized atom type: S_5+4 (14)
[22:18:44] UFFTYPER: Unrecognized atom type: S_5+4 (39)
[22:18:44] UFFTYPER: Unrecognized atom type: S_5+4 (38)
[22:18:44] UFFTYPER: Unrecognized atom type: S_5+4 (14)
[22:18:45] UFFTYPER: Unrecognized atom type: S_5+4 (39)
[22:18:45] UFFTYPER: Unrecognized atom type: S_5+4 (39)
[22:18:46] UFFTYPER: Unrecognized atom type: S_5+4 (38)
[22:18:46] UFFTYPER: Unrecognized atom type: S_5+4 (40)
[22:18:46] UFFTYPER: Unrecognized atom type: S_5+4 (39)
[22:18:46] UFFTYPER: Unrecognized atom type: S_5+4 (40)
[22:18:46] UFFTYPER: Unrecognized atom type: S_5+4 (38)
[22:18:47] UFFTYPER: Unrecognized atom type: S_5+4 (38)
[22:18:47] UFFTYPER: Unrecognized atom type: S_5+4 (38)
[22:18:47] UFFTYPER: Unrecognized atom type: S_5+4 (38)
[22:18:47] UFFTYPER: Unrecognized atom type: S_5+4 (39)
[22:18:48] UFFTYPER: Unrecognized atom type: S_5+4 (39)
[22:18:48] UFFTYPER: Unrecognized atom type: S_5+4 (38)
[22:18:48] UFFTYPER: Unrecognized atom type: S_5+4 (38)
[22:18:49] UFFTYPER: Unrecognized atom type: S_5+4 (38)
[22:18:49] UFFTYPER: Unrecognized atom type: S_5+4 (39)
[22:18:49] UFFTYPER: Unrecognized atom type: S_5+4 (39)
[22:18:49] UFFTYPER: Unrecognized atom type: S_5+4 (39)
[22:18:50] UFFTYPER: Unrecognized atom type: S_5+4 (39)
[22:18:50] UFFTYPER: Unrecognized atom type: S_5+4 (38)
[22:18:50] UFFTYPER: Unrecognized atom type: S_5+4 (38)
[22:18:50] UFFTYPER: Unrecognized atom type: S_5+4 (37)
[22:18:51] UFFTYPER: Unrecognized atom type: S_5+4 (37)
[22:18:51] UFFTYPER: Unrecognized atom type: S_5+4 (15)
[22:18:51] UFFTYPER: Unrecognized atom type: S_5+4 (15)
[22:18:51] UFFTYPER: Unrecognized atom type: S_5+4 (40)
[22:18:52] UFFTYPER: Unrecognized atom type: S_5+4 (40)
[22:18:52] UFFTYPER: Unrecognized atom type: S_5+4 (40)
[22:18:52] UFFTYPER: Unrecognized atom type: S_5+4 (40)
[22:18:52] UFFTYPER: Unrecognized atom type: S_5+4 (38)
[22:18:53] UFFTYPER: Unrecognized atom type: S_5+4 (38)
[22:18:53] UFFTYPER: Unrecognized atom type: S_5+4 (38)
[22:18:53] UFFTYPER: Unrecognized atom type: S_5+4 (38)
[22:18:53] UFFTYPER: Unrecognized atom type: S_5+4 (39)
[22:18:54] UFFTYPER: Unrecognized atom type: S_5+4 (39)
[22:18:54] UFFTYPER: Unrecognized atom type: S_5+4 (42)
[22:18:54] UFFTYPER: Unrecognized atom type: S_5+4 (42)
[22:18:54] UFFTYPER: Unrecognized atom type: S_5+4 (40)
[22:18:55] UFFTYPER: Unrecognized atom type: S_5+4 (38)
[22:18:55] UFFTYPER: Unrecognized atom type: S_5+4 (40)
[22:18:55] UFFTYPER: Unrecognized atom type: S_5+4 (39)
[22:18:56] UFFTYPER: Unrecognized atom type: S_5+4 (38)
[22:18:56] UFFTYPER: Unrecognized atom type: S_5+4 (39)
[22:18:56] UFFTYPER: Unrecognized atom type: S_5+4 (42)
[22:18:56] UFFTYPER: Unrecognized atom type: S_5+4 (43)
[22:18:56] UFFTYPER: Unrecognized atom type: S_5+4 (42)
[22:18:56] UFFTYPER: Unrecognized atom type: S_5+4 (43)
[22:18:57] UFFTYPER: Unrecognized atom type: S_5+4 (39)
[22:18:57] UFFTYPER: Unrecognized atom type: S_5+4 (39)
[22:18:58] UFFTYPER: Unrecognized atom type: S_5+4 (42)
[22:18:58] UFFTYPER: Unrecognized atom type: S_5+4 (42)
[22:18:58] UFFTYPER: Unrecognized atom type: S_5+4 (42)
[22:18:58] UFFTYPER: Unrecognized atom type: S_5+4 (42)
[22:18:58] UFFTYPER: Unrecognized atom type: S_5+4 (43)
[22:18:59] UFFTYPER: Unrecognized atom type: S_5+4 (43)
[22:18:59] UFFTYPER: Unrecognized atom type: S_5+4 (39)
[22:18:59] UFFTYPER: Unrecognized atom type: S_5+4 (42)
[22:18:59] UFFTYPER: Unrecognized atom type: S_5+4 (39)
[22:19:00] UFFTYPER: Unrecognized atom type: S_5+4 (42)
[22:19:00] UFFTYPER: Unrecognized atom type: S_5+4 (38)
[22:19:01] UFFTYPER: Unrecognized atom type: S_5+4 (38)
[22:19:01] UFFTYPER: Unrecognized atom type: S_5+4 (40)
[22:19:01] UFFTYPER: Unrecognized atom type: S_5+4 (39)
[22:19:01] UFFTYPER: Unrecognized atom type: S_5+4 (40)
[22:19:01] UFFTYPER: Unrecognized atom type: S_5+4 (39)
[22:19:02] UFFTYPER: Unrecognized atom type: S_5+4 (43)
[22:19:02] UFFTYPER: Unrecognized atom type: S_5+4 (43)
[22:19:02] UFFTYPER: Unrecognized atom type: S_5+4 (43)
[22:19:02] UFFTYPER: Unrecognized atom type: S_5+4 (41)
[22:19:03] UFFTYPER: Unrecognized atom type: S_5+4 (43)
[22:19:03] UFFTYPER: Unrecognized atom type: S_5+4 (41)
[22:19:03] UFFTYPER: Unrecognized atom type: S_5+4 (41)
[22:19:04] UFFTYPER: Unrecognized atom type: S_5+4 (41)
[22:19:04] UFFTYPER: Unrecognized atom type: S_5+4 (43)
[22:19:04] UFFTYPER: Unrecognized atom type: S_5+4 (40)
[22:19:04] UFFTYPER: Unrecognized atom type: S_5+4 (43)
[22:19:04] UFFTYPER: Unrecognized atom type: S_5+4 (40)
[22:19:05] UFFTYPER: Unrecognized atom type: S_5+4 (39)
[22:19:05] UFFTYPER: Unrecognized atom type: S_5+4 (39)
[22:19:05] UFFTYPER: Unrecognized atom type: S_5+4 (41)
[22:19:06] UFFTYPER: Unrecognized atom type: S_5+4 (43)
[22:19:06] UFFTYPER: Unrecognized atom type: S_5+4 (41)
[22:19:06] UFFTYPER: Unrecognized atom type: S_5+4 (43)
[22:19:07] UFFTYPER: Unrecognized atom type: S_5+4 (40)
[22:19:07] UFFTYPER: Unrecognized atom type: S_5+4 (40)
[22:19:07] UFFTYPER: Unrecognized atom type: S_5+4 (41)
[22:19:07] UFFTYPER: Unrecognized atom type: S_5+4 (41)
[22:19:07] UFFTYPER: Unrecognized atom type: S_5+4 (41)
[22:19:08] UFFTYPER: Unrecognized atom type: S_5+4 (41)
[22:19:08] UFFTYPER: Unrecognized atom type: S_5+4 (38)
[22:19:09] UFFTYPER: Unrecognized atom type: S_5+4 (38)
[22:27:59] UFFTYPER: Unrecognized atom type: S_5+4 (40)
[22:27:59] UFFTYPER: Unrecognized atom type: S_5+4 (40)
[22:28:00] UFFTYPER: Unrecognized atom type: S_5+4 (40)
[22:28:00] UFFTYPER: Unrecognized atom type: S_5+4 (41)
[22:28:00] UFFTYPER: Unrecognized atom type: S_5+4 (40)
[22:28:00] UFFTYPER: Unrecognized atom type: S_5+4 (40)
[22:28:00] UFFTYPER: Unrecognized atom type: S_5+4 (41)
[22:28:00] UFFTYPER: Unrecognized atom type: S_5+4 (40)
[22:28:01] UFFTYPER: Unrecognized atom type: S_5+4 (39)
[22:28:01] UFFTYPER: Unrecognized atom type: S_5+4 (43)
[22:28:01] UFFTYPER: Unrecognized atom type: S_5+4 (40)
[22:28:01] UFFTYPER: Unrecognized atom type: S_5+4 (40)
[22:28:01] UFFTYPER: Unrecognized atom type: S_5+4 (40)
[22:28:01] UFFTYPER: Unrecognized atom type: S_5+4 (39)
[22:28:02] UFFTYPER: Unrecognized atom type: S_5+4 (40)
[22:28:02] UFFTYPER: Unrecognized atom type: S_5+4 (43)
[22:28:03] UFFTYPER: Unrecognized atom type: S_5+4 (38)
[22:28:03] UFFTYPER: Unrecognized atom type: S_5+4 (40)
[22:28:03] UFFTYPER: Unrecognized atom type: S_5+4 (39)
[22:28:03] UFFTYPER: Unrecognized atom type: S_5+4 (38)
[22:28:03] UFFTYPER: Unrecognized atom type: S_5+4 (38)
[22:28:03] UFFTYPER: Unrecognized atom type: S_5+4 (40)
[22:28:03] UFFTYPER: Unrecognized atom type: S_5+4 (39)
[22:28:03] UFFTYPER: Unrecognized atom type: S_5+4 (38)
[22:28:04] UFFTYPER: Unrecognized atom type: S_5+4 (37)
[22:28:04] UFFTYPER: Unrecognized atom type: S_5+4 (13)
[22:28:04] UFFTYPER: Unrecognized atom type: S_5+4 (39)
[22:28:04] UFFTYPER: Unrecognized atom type: S_5+4 (37)
[22:28:04] UFFTYPER: Unrecognized atom type: S_5+4 (13)
[22:28:04] UFFTYPER: Unrecognized atom type: S_5+4 (41)
[22:28:05] UFFTYPER: Unrecognized atom type: S_5+4 (39)
[22:28:05] UFFTYPER: Unrecognized atom type: S_5+4 (41)
[22:28:06] UFFTYPER: Unrecognized atom type: S_5+4 (40)
[22:28:06] UFFTYPER: Unrecognized atom type: S_5+4 (40)
[22:28:06] UFFTYPER: Unrecognized atom type: S_5+4 (44)
[22:28:06] UFFTYPER: Unrecognized atom type: S_5+4 (40)
[22:28:06] UFFTYPER: Unrecognized atom type: S_5+4 (40)
[22:28:06] UFFTYPER: Unrecognized atom type: S_5+4 (44)
[22:28:06] UFFTYPER: Unrecognized atom type: S_5+4 (40)
[22:28:07] UFFTYPER: Unrecognized atom type: S_5+4 (40)
[22:28:07] UFFTYPER: Unrecognized atom type: S_5+4 (41)
[22:28:07] UFFTYPER: Unrecognized atom type: S_5+4 (37)
[22:28:08] UFFTYPER: Unrecognized atom type: S_5+4 (39)
[22:28:08] UFFTYPER: Unrecognized atom type: S_5+4 (41)
[22:28:08] UFFTYPER: Unrecognized atom type: S_5+4 (37)
[22:28:08] UFFTYPER: Unrecognized atom type: S_5+4 (41)
[22:28:08] UFFTYPER: Unrecognized atom type: S_5+4 (39)
[22:28:08] UFFTYPER: Unrecognized atom type: S_5+4 (41)
[22:28:09] UFFTYPER: Unrecognized atom type: S_5+4 (40)
[22:28:09] UFFTYPER: Unrecognized atom type: S_5+4 (43)
[22:28:09] UFFTYPER: Unrecognized atom type: S_5+4 (40)
[22:28:09] UFFTYPER: Unrecognized atom type: S_5+4 (43)
[22:28:09] UFFTYPER: Unrecognized atom type: S_5+4 (40)
[22:28:10] UFFTYPER: Unrecognized atom type: S_5+4 (40)
[22:28:10] UFFTYPER: Unrecognized atom type: S_5+4 (40)
[22:28:10] UFFTYPER: Unrecognized atom type: S_5+4 (40)
[22:28:11] UFFTYPER: Unrecognized atom type: S_5+4 (40)
[22:28:11] UFFTYPER: Unrecognized atom type: S_5+4 (38)
[22:28:11] UFFTYPER: Unrecognized atom type: S_5+4 (38)
[22:28:11] UFFTYPER: Unrecognized atom type: S_5+4 (40)
[22:28:11] UFFTYPER: Unrecognized atom type: S_5+4 (38)
[22:28:11] UFFTYPER: Unrecognized atom type: S_5+4 (38)
[22:28:12] UFFTYPER: Unrecognized atom type: S_5+4 (39)
[22:28:12] UFFTYPER: Unrecognized atom type: S_5+4 (39)
[22:28:12] UFFTYPER: Unrecognized atom type: S_5+4 (40)
[22:28:12] UFFTYPER: Unrecognized atom type: S_5+4 (38)
[22:28:12] UFFTYPER: Unrecognized atom type: S_5+4 (40)
[22:28:12] UFFTYPER: Unrecognized atom type: S_5+4 (43)
[22:28:13] UFFTYPER: Unrecognized atom type: S_5+4 (38)
[22:28:13] UFFTYPER: Unrecognized atom type: S_5+4 (43)
[22:28:13] UFFTYPER: Unrecognized atom type: S_5+4 (33)
[22:28:14] UFFTYPER: Unrecognized atom type: S_5+4 (38)
[22:28:14] UFFTYPER: Unrecognized atom type: S_5+4 (38)
[22:28:14] UFFTYPER: Unrecognized atom type: S_5+4 (38)
[22:28:14] UFFTYPER: Unrecognized atom type: S_5+4 (44)
[22:28:14] UFFTYPER: Unrecognized atom type: S_5+4 (38)
[22:28:14] UFFTYPER: Unrecognized atom type: S_5+4 (44)
[22:28:15] UFFTYPER: Unrecognized atom type: S_5+4 (41)
[22:28:15] UFFTYPER: Unrecognized atom type: S_5+4 (42)
[22:28:15] UFFTYPER: Unrecognized atom type: S_5+4 (41)
[22:28:15] UFFTYPER: Unrecognized atom type: S_5+4 (40)
[22:28:16] UFFTYPER: Unrecognized atom type: S_5+4 (42)
[22:28:16] UFFTYPER: Unrecognized atom type: S_5+4 (40)
[22:28:17] UFFTYPER: Unrecognized atom type: S_5+4 (39)
[22:28:17] UFFTYPER: Unrecognized atom type: S_5+4 (41)
[22:28:17] UFFTYPER: Unrecognized atom type: S_5+4 (41)
[22:28:17] UFFTYPER: Unrecognized atom type: S_5+4 (39)
[22:28:17] UFFTYPER: Unrecognized atom type: S_5+4 (39)
[22:28:17] UFFTYPER: Unrecognized atom type: S_5+4 (39)
[22:28:18] UFFTYPER: Unrecognized atom type: S_5+4 (38)
[22:28:18] UFFTYPER: Unrecognized atom type: S_5+4 (39)
[22:28:19] UFFTYPER: Unrecognized atom type: S_5+4 (38)
[22:28:19] UFFTYPER: Unrecognized atom type: S_5+4 (39)
[22:28:19] UFFTYPER: Unrecognized atom type: S_5+4 (34)
[22:28:20] UFFTYPER: Unrecognized atom type: S_5+4 (39)
[22:28:20] UFFTYPER: Unrecognized atom type: S_5+4 (40)
[22:28:20] UFFTYPER: Unrecognized atom type: S_5+4 (39)
[22:28:20] UFFTYPER: Unrecognized atom type: S_5+4 (40)
[22:28:21] UFFTYPER: Unrecognized atom type: S_5+4 (43)
[22:28:22] UFFTYPER: Unrecognized atom type: S_5+4 (38)
[22:28:22] UFFTYPER: Unrecognized atom type: S_5+4 (43)
[22:28:22] UFFTYPER: Unrecognized atom type: S_5+4 (38)
[22:28:22] UFFTYPER: Unrecognized atom type: S_5+4 (33)
[22:28:23] UFFTYPER: Unrecognized atom type: S_5+4 (40)
[22:28:23] UFFTYPER: Unrecognized atom type: S_5+4 (37)
[22:28:23] UFFTYPER: Unrecognized atom type: S_5+4 (40)
[22:28:23] UFFTYPER: Unrecognized atom type: S_5+4 (37)
[22:28:23] UFFTYPER: Unrecognized atom type: S_5+4 (34)
[22:28:25] UFFTYPER: Unrecognized atom type: S_5+4 (34)
[22:28:25] UFFTYPER: Unrecognized atom type: S_5+4 (34)
[22:28:39] UFFTYPER: Unrecognized atom type: S_5+4 (34)
[22:28:40] UFFTYPER: Unrecognized atom type: S_5+4 (30)
[22:28:55] UFFTYPER: Unrecognized atom type: S_5+4 (30)
[22:28:56] UFFTYPER: Unrecognized atom type: S_5+4 (32)
[22:29:01] UFFTYPER: Unrecognized atom type: S_5+4 (34)
[22:29:02] UFFTYPER: Unrecognized atom type: S_5+4 (34)
[22:29:03] UFFTYPER: Unrecognized atom type: S_5+4 (34)
[22:29:04] UFFTYPER: Unrecognized atom type: S_5+4 (32)
[22:29:05] UFFTYPER: Unrecognized atom type: S_5+4 (34)
[22:29:05] UFFTYPER: Unrecognized atom type: S_5+4 (34)
[22:29:06] UFFTYPER: Unrecognized atom type: S_5+4 (32)
[22:29:06] UFFTYPER: Unrecognized atom type: S_5+4 (32)
[22:29:07] UFFTYPER: Unrecognized atom type: S_5+4 (34)
[22:29:21] UFFTYPER: Unrecognized atom type: S_5+4 (34)
[22:29:22] UFFTYPER: Unrecognized atom type: S_5+4 (34)
[22:29:37] UFFTYPER: Unrecognized atom type: S_5+4 (32)
[22:29:38] UFFTYPER: Unrecognized atom type: S_5+4 (34)
[22:29:39] UFFTYPER: Unrecognized atom type: S_5+4 (34)
[22:29:40] UFFTYPER: Unrecognized atom type: S_5+4 (32)
[22:29:40] UFFTYPER: Unrecognized atom type: S_5+4 (33)
[22:29:41] UFFTYPER: Unrecognized atom type: S_5+4 (34)
[22:29:43] UFFTYPER: Unrecognized atom type: S_5+4 (34)
[22:29:44] UFFTYPER: Unrecognized atom type: S_5+4 (32)
[22:29:53] UFFTYPER: Unrecognized atom type: S_5+4 (34)
[22:29:53] UFFTYPER: Unrecognized atom type: S_5+4 (34)
[22:29:54] UFFTYPER: Unrecognized atom type: S_5+4 (34)
[22:30:00] UFFTYPER: Unrecognized atom type: S_5+4 (34)
[22:30:02] UFFTYPER: Unrecognized atom type: S_5+4 (35)
[22:30:19] UFFTYPER: Unrecognized atom type: S_5+4 (33)
[22:30:19] UFFTYPER: Unrecognized atom type: S_5+4 (33)
[22:30:20] UFFTYPER: Unrecognized atom type: S_5+4 (32)
[22:30:20] UFFTYPER: Unrecognized atom type: S_5+4 (32)
[22:30:20] UFFTYPER: Unrecognized atom type: S_5+4 (30)
[22:30:22] UFFTYPER: Unrecognized atom type: S_5+4 (33)
[22:30:23] UFFTYPER: Unrecognized atom type: S_5+4 (34)
[22:30:23] UFFTYPER: Unrecognized atom type: S_5+4 (34)
[22:30:24] UFFTYPER: Unrecognized atom type: S_5+4 (34)
[22:30:25] UFFTYPER: Unrecognized atom type: S_5+4 (35)
[22:30:25] UFFTYPER: Unrecognized atom type: S_5+4 (35)
[22:30:27] UFFTYPER: Unrecognized atom type: S_5+4 (35)
[22:30:40] UFFTYPER: Unrecognized atom type: S_5+4 (30)
[22:30:40] UFFTYPER: Unrecognized atom type: S_5+4 (30)
[22:30:41] UFFTYPER: Unrecognized atom type: S_5+4 (30)
[22:30:47] UFFTYPER: Unrecognized atom type: S_5+4 (34)
[22:30:48] UFFTYPER: Unrecognized atom type: S_5+4 (30)
[22:30:53] UFFTYPER: Unrecognized atom type: S_5+4 (33)
[22:30:54] UFFTYPER: Unrecognized atom type: S_5+4 (32)
[22:31:05] UFFTYPER: Unrecognized atom type: S_5+4 (32)
[22:31:06] UFFTYPER: Unrecognized atom type: S_5+4 (30)
[22:31:11] UFFTYPER: Unrecognized atom type: S_5+4 (30)
[22:31:11] UFFTYPER: Unrecognized atom type: S_5+4 (35)
[22:31:11] UFFTYPER: Unrecognized atom type: S_5+4 (30)
[22:31:12] UFFTYPER: Unrecognized atom type: S_5+4 (35)
[22:31:13] UFFTYPER: Unrecognized atom type: S_5+4 (33)
[22:31:13] UFFTYPER: Unrecognized atom type: S_5+4 (33)
[22:31:16] UFFTYPER: Unrecognized atom type: S_5+4 (30)
[22:31:18] UFFTYPER: Unrecognized atom type: S_5+4 (33)
[22:31:27] UFFTYPER: Unrecognized atom type: S_5+4 (30)
[22:31:28] UFFTYPER: Unrecognized atom type: S_5+4 (33)
[22:31:31] UFFTYPER: Unrecognized atom type: S_5+4 (33)
[22:31:32] UFFTYPER: Unrecognized atom type: S_5+4 (29)
[22:31:42] UFFTYPER: Unrecognized atom type: S_5+4 (33)
[22:31:43] UFFTYPER: Unrecognized atom type: S_5+4 (33)
[22:31:44] UFFTYPER: Unrecognized atom type: S_5+4 (35)
[22:31:46] UFFTYPER: Unrecognized atom type: S_5+4 (29)
[22:31:47] UFFTYPER: Unrecognized atom type: S_5+4 (35)
[22:31:48] UFFTYPER: Unrecognized atom type: S_5+4 (31)
[22:31:49] UFFTYPER: Unrecognized atom type: S_5+4 (33)
[22:31:49] UFFTYPER: Unrecognized atom type: S_5+4 (33)
[22:31:50] UFFTYPER: Unrecognized atom type: S_5+4 (29)
[22:31:56] UFFTYPER: Unrecognized atom type: S_5+4 (33)
[22:31:56] UFFTYPER: Unrecognized atom type: S_5+4 (33)
[22:31:58] UFFTYPER: Unrecognized atom type: S_5+4 (32)
[22:32:08] UFFTYPER: Unrecognized atom type: S_5+4 (31)
[22:32:09] UFFTYPER: Unrecognized atom type: S_5+4 (34)
[22:32:10] UFFTYPER: Unrecognized atom type: S_5+4 (33)
[22:32:10] UFFTYPER: Unrecognized atom type: S_5+4 (33)
[22:32:11] UFFTYPER: Unrecognized atom type: S_5+4 (30)
[22:32:17] UFFTYPER: Unrecognized atom type: S_5+4 (30)
[22:32:18] UFFTYPER: Unrecognized atom type: S_5+4 (32)
[22:32:18] UFFTYPER: Unrecognized atom type: S_5+4 (34)
[22:32:19] UFFTYPER: Unrecognized atom type: S_5+4 (31)
[22:32:39] UFFTYPER: Unrecognized atom type: S_5+4 (29)
[22:32:39] UFFTYPER: Unrecognized atom type: S_5+4 (29)
[22:32:41] UFFTYPER: Unrecognized atom type: S_5+4 (34)
[22:32:45] UFFTYPER: Unrecognized atom type: S_5+4 (34)
[22:32:45] UFFTYPER: Unrecognized atom type: S_5+4 (34)
[22:32:46] UFFTYPER: Unrecognized atom type: S_5+4 (29)
[22:32:48] UFFTYPER: Unrecognized atom type: S_5+4 (34)
[22:32:48] UFFTYPER: Unrecognized atom type: S_5+4 (34)
[22:32:50] UFFTYPER: Unrecognized atom type: S_5+4 (34)
[22:32:50] UFFTYPER: Unrecognized atom type: S_5+4 (31)
[22:32:51] UFFTYPER: Unrecognized atom type: S_5+4 (32)
[22:32:54] UFFTYPER: Unrecognized atom type: S_5+4 (32)
[22:32:55] UFFTYPER: Unrecognized atom type: S_5+4 (32)
[22:33:07] UFFTYPER: Unrecognized atom type: S_5+4 (34)
[22:33:07] UFFTYPER: Unrecognized atom type: S_5+4 (34)
[22:33:08] UFFTYPER: Unrecognized atom type: S_5+4 (32)
[22:33:12] UFFTYPER: Unrecognized atom type: S_5+4 (32)
[22:33:13] UFFTYPER: Unrecognized atom type: S_5+4 (32)
[22:33:17] UFFTYPER: Unrecognized atom type: S_5+4 (29)
[22:33:17] UFFTYPER: Unrecognized atom type: S_5+4 (29)
[22:33:18] UFFTYPER: Unrecognized atom type: S_5+4 (28)
[22:33:24] UFFTYPER: Unrecognized atom type: S_5+4 (32)
[22:33:25] UFFTYPER: Unrecognized atom type: S_5+4 (34)
[22:33:25] UFFTYPER: Unrecognized atom type: S_5+4 (34)
[22:33:26] UFFTYPER: Unrecognized atom type: S_5+4 (30)
[22:33:26] UFFTYPER: Unrecognized atom type: S_5+4 (33)
[22:33:40] UFFTYPER: Unrecognized atom type: S_5+4 (33)
[22:33:41] UFFTYPER: Unrecognized atom type: S_5+4 (34)
[22:33:42] UFFTYPER: Unrecognized atom type: S_5+4 (28)
[22:33:42] UFFTYPER: Unrecognized atom type: S_5+4 (32)
[22:33:43] UFFTYPER: Unrecognized atom type: S_5+4 (30)
[22:33:43] UFFTYPER: Unrecognized atom type: S_5+4 (29)
[22:33:50] UFFTYPER: Unrecognized atom type: S_5+4 (30)
[22:33:51] UFFTYPER: Unrecognized atom type: S_5+4 (32)
[22:33:53] UFFTYPER: Unrecognized atom type: S_5+4 (30)
[22:33:55] UFFTYPER: Unrecognized atom type: S_5+4 (31)
[22:34:04] UFFTYPER: Unrecognized atom type: S_5+4 (29)
[22:34:05] UFFTYPER: Unrecognized atom type: S_5+4 (35)
[22:34:07] UFFTYPER: Unrecognized atom type: S_5+4 (31)
[22:34:07] UFFTYPER: Unrecognized atom type: S_5+4 (31)
[22:34:08] UFFTYPER: Unrecognized atom type: S_5+4 (33)
[22:34:12] UFFTYPER: Unrecognized atom type: S_5+4 (32)
[22:34:14] UFFTYPER: Unrecognized atom type: S_5+4 (34)
[22:34:21] UFFTYPER: Unrecognized atom type: S_5+4 (34)
[22:34:21] UFFTYPER: Unrecognized atom type: S_5+4 (34)
[22:34:21] UFFTYPER: Unrecognized atom type: S_5+4 (33)
[22:34:22] UFFTYPER: Unrecognized atom type: S_5+4 (32)
[22:34:23] UFFTYPER: Unrecognized atom type: S_5+4 (33)
[22:34:25] UFFTYPER: Unrecognized atom type: S_5+4 (32)
[22:34:26] UFFTYPER: Unrecognized atom type: S_5+4 (36)
[22:34:30] UFFTYPER: Unrecognized atom type: S_5+4 (34)
[22:34:31] UFFTYPER: Unrecognized atom type: S_5+4 (34)
[22:34:39] UFFTYPER: Unrecognized atom type: S_5+4 (36)
[22:34:39] UFFTYPER: Unrecognized atom type: S_5+4 (35)
[22:34:39] UFFTYPER: Unrecognized atom type: S_5+4 (35)
[22:34:40] UFFTYPER: Unrecognized atom type: S_5+4 (32)
[22:34:40] UFFTYPER: Unrecognized atom type: S_5+4 (33)
[22:34:47] UFFTYPER: Unrecognized atom type: S_5+4 (33)
[22:34:47] UFFTYPER: Unrecognized atom type: S_5+4 (33)
[22:34:53] UFFTYPER: Unrecognized atom type: S_5+4 (34)
[22:35:07] UFFTYPER: Unrecognized atom type: S_5+4 (33)
[22:35:08] UFFTYPER: Unrecognized atom type: S_5+4 (34)
[22:35:21] UFFTYPER: Unrecognized atom type: S_5+4 (32)
[22:35:22] UFFTYPER: Unrecognized atom type: S_5+4 (32)
[22:35:23] UFFTYPER: Unrecognized atom type: S_5+4 (40)
[22:35:32] UFFTYPER: Unrecognized atom type: S_5+4 (34)
[22:36:09] UFFTYPER: Unrecognized atom type: S_5+4 (40)
[22:36:10] UFFTYPER: Unrecognized atom type: S_5+4 (38)
[22:36:19] UFFTYPER: Unrecognized atom type: S_5+4 (38)
[22:36:20] UFFTYPER: Unrecognized atom type: S_5+4 (39)
[22:36:28] UFFTYPER: Unrecognized atom type: S_5+4 (39)
[22:50:07] UFFTYPER: Unrecognized atom type: S_5+4 (32)
[22:50:07] UFFTYPER: Unrecognized atom type: S_5+4 (33)
[22:50:26] UFFTYPER: Unrecognized atom type: S_5+4 (32)
[22:50:27] UFFTYPER: Unrecognized atom type: S_5+4 (34)
[22:50:49] UFFTYPER: Unrecognized atom type: S_5+4 (33)
[22:50:50] UFFTYPER: Unrecognized atom type: S_5+4 (31)
[22:50:50] UFFTYPER: Unrecognized atom type: S_5+4 (31)
[22:50:52] UFFTYPER: Unrecognized atom type: S_5+4 (32)
[22:50:53] UFFTYPER: Unrecognized atom type: S_5+4 (32)
[22:50:54] UFFTYPER: Unrecognized atom type: S_5+4 (30)
[22:50:56] UFFTYPER: Unrecognized atom type: S_5+4 (30)
[22:51:18] UFFTYPER: Unrecognized atom type: S_5+4 (34)
[22:51:19] UFFTYPER: Unrecognized atom type: S_5+4 (34)
[22:51:20] UFFTYPER: Unrecognized atom type: S_5+4 (31)
[22:51:46] UFFTYPER: Unrecognized atom type: S_5+4 (31)
[22:51:47] UFFTYPER: Unrecognized atom type: S_5+4 (30)
[22:51:53] UFFTYPER: Unrecognized atom type: S_5+4 (30)
[22:51:54] UFFTYPER: Unrecognized atom type: S_5+4 (30)
[22:51:57] UFFTYPER: Unrecognized atom type: S_5+4 (30)
[22:51:58] UFFTYPER: Unrecognized atom type: S_5+4 (31)
[22:52:26] UFFTYPER: Unrecognized atom type: S_5+4 (31)
[22:52:27] UFFTYPER: Unrecognized atom type: S_5+4 (32)
[22:52:30] UFFTYPER: Unrecognized atom type: S_5+4 (32)
[22:52:31] UFFTYPER: Unrecognized atom type: S_5+4 (29)
[22:52:49] UFFTYPER: Unrecognized atom type: S_5+4 (29)
[22:53:38] UFFTYPER: Unrecognized atom type: S_5+4 (37)
[22:54:40] UFFTYPER: Unrecognized atom type: S_5+4 (37)
[22:54:40] UFFTYPER: Unrecognized atom type: S_5+4 (37)
[22:54:42] UFFTYPER: Unrecognized atom type: S_5+4 (35)
[22:55:32] UFFTYPER: Unrecognized atom type: S_5+4 (35)
[22:55:34] UFFTYPER: Unrecognized atom type: S_5+4 (34)
[22:55:37] UFFTYPER: Unrecognized atom type: S_5+4 (34)
[23:54:46] UFFTYPER: Unrecognized atom type: S_5+4 (20)
[23:54:46] UFFTYPER: Unrecognized atom type: S_5+4 (6)
[23:54:46] UFFTYPER: Unrecognized atom type: S_5+4 (6)
[23:54:46] UFFTYPER: Unrecognized atom type: S_5+4 (20)
[23:54:48] UFFTYPER: Unrecognized atom type: S_5+4 (20)
[23:54:48] UFFTYPER: Unrecognized atom type: S_5+4 (6)
[23:54:48] UFFTYPER: Unrecognized atom type: S_5+4 (20)
[23:54:48] UFFTYPER: Unrecognized atom type: S_5+4 (6)
[23:54:49] UFFTYPER: Unrecognized atom type: S_5+4 (6)
[23:54:49] UFFTYPER: Unrecognized atom type: S_5+4 (6)
[23:54:49] UFFTYPER: Unrecognized atom type: S_5+4 (6)
[23:54:50] UFFTYPER: Unrecognized atom type: S_5+4 (6)
[23:54:51] UFFTYPER: Unrecognized atom type: S_5+4 (6)
[23:54:51] UFFTYPER: Unrecognized atom type: S_5+4 (22)
[23:54:51] UFFTYPER: Unrecognized atom type: S_5+4 (6)
[23:54:51] UFFTYPER: Unrecognized atom type: S_5+4 (22)
[23:54:52] UFFTYPER: Unrecognized atom type: S_5+4 (6)
[23:54:52] UFFTYPER: Unrecognized atom type: S_5+4 (6)
[23:54:52] UFFTYPER: Unrecognized atom type: S_5+4 (6)
[23:54:53] UFFTYPER: Unrecognized atom type: S_5+4 (19)
[23:54:53] UFFTYPER: Unrecognized atom type: S_5+4 (6)
[23:54:53] UFFTYPER: Unrecognized atom type: S_5+4 (19)
[23:54:53] UFFTYPER: Unrecognized atom type: S_5+4 (6)
[23:54:54] UFFTYPER: Unrecognized atom type: S_5+4 (6)
[23:54:54] UFFTYPER: Unrecognized atom type: S_5+4 (6)
[23:54:54] UFFTYPER: Unrecognized atom type: S_5+4 (6)
[23:54:54] UFFTYPER: Unrecognized atom type: S_5+4 (6)
[23:54:54] UFFTYPER: Unrecognized atom type: S_5+4 (6)
[23:54:55] UFFTYPER: Unrecognized atom type: S_5+4 (6)
[23:54:55] UFFTYPER: Unrecognized atom type: S_5+4 (6)
[23:54:55] UFFTYPER: Unrecognized atom type: S_5+4 (6)
[23:54:55] UFFTYPER: Unrecognized atom type: S_5+4 (6)
[23:54:56] UFFTYPER: Unrecognized atom type: S_5+4 (6)
[23:54:56] UFFTYPER: Unrecognized atom type: S_5+4 (6)
[23:54:56] UFFTYPER: Unrecognized atom type: S_5+4 (6)
[23:54:57] UFFTYPER: Unrecognized atom type: S_5+4 (6)
[23:54:57] UFFTYPER: Unrecognized atom type: S_5+4 (6)
[23:54:57] UFFTYPER: Unrecognized atom type: S_5+4 (6)
[23:54:57] UFFTYPER: Unrecognized atom type: S_5+4 (21)
[23:54:57] UFFTYPER: Unrecognized atom type: S_5+4 (21)
[23:54:58] UFFTYPER: Unrecognized atom type: S_5+4 (6)
[23:54:58] UFFTYPER: Unrecognized atom type: S_5+4 (6)
[23:54:58] UFFTYPER: Unrecognized atom type: S_5+4 (6)
[23:54:58] UFFTYPER: Unrecognized atom type: S_5+4 (22)
[23:54:58] UFFTYPER: Unrecognized atom type: S_5+4 (6)
[23:54:59] UFFTYPER: Unrecognized atom type: S_5+4 (22)
[23:54:59] UFFTYPER: Unrecognized atom type: S_5+4 (6)
[23:54:59] UFFTYPER: Unrecognized atom type: S_5+4 (6)
[23:54:59] UFFTYPER: Unrecognized atom type: S_5+4 (6)
[23:55:00] UFFTYPER: Unrecognized atom type: S_5+4 (6)
[23:55:00] UFFTYPER: Unrecognized atom type: S_5+4 (6)
[23:55:00] UFFTYPER: Unrecognized atom type: S_5+4 (6)
[23:55:00] UFFTYPER: Unrecognized atom type: S_5+4 (6)
[23:55:00] UFFTYPER: Unrecognized atom type: S_5+4 (13)
[23:55:00] UFFTYPER: Unrecognized atom type: S_5+4 (6)
[23:55:00] UFFTYPER: Unrecognized atom type: S_5+4 (13)
[23:55:01] UFFTYPER: Unrecognized atom type: S_5+4 (21)
[23:55:01] UFFTYPER: Unrecognized atom type: S_5+4 (6)
[23:55:01] UFFTYPER: Unrecognized atom type: S_5+4 (21)
[23:55:01] UFFTYPER: Unrecognized atom type: S_5+4 (6)
[23:55:01] UFFTYPER: Unrecognized atom type: S_5+4 (6)
[23:55:02] UFFTYPER: Unrecognized atom type: S_5+4 (12)
[23:55:02] UFFTYPER: Unrecognized atom type: S_5+4 (6)
[23:55:02] UFFTYPER: Unrecognized atom type: S_5+4 (12)
[23:55:02] UFFTYPER: Unrecognized atom type: S_5+4 (20)
[23:55:02] UFFTYPER: Unrecognized atom type: S_5+4 (6)
[23:55:03] UFFTYPER: Unrecognized atom type: S_5+4 (20)
[23:55:03] UFFTYPER: Unrecognized atom type: S_5+4 (6)
[23:55:03] UFFTYPER: Unrecognized atom type: S_5+4 (6)
[23:55:03] UFFTYPER: Unrecognized atom type: S_5+4 (14)
[23:55:03] UFFTYPER: Unrecognized atom type: S_5+4 (6)
[23:55:03] UFFTYPER: Unrecognized atom type: S_5+4 (14)
[23:55:04] UFFTYPER: Unrecognized atom type: S_5+4 (21)
[23:55:04] UFFTYPER: Unrecognized atom type: S_5+4 (6)
[23:55:04] UFFTYPER: Unrecognized atom type: S_5+4 (6)
[23:55:04] UFFTYPER: Unrecognized atom type: S_5+4 (21)
[23:55:04] UFFTYPER: Unrecognized atom type: S_5+4 (14)
[23:55:05] UFFTYPER: Unrecognized atom type: S_5+4 (6)
[23:55:05] UFFTYPER: Unrecognized atom type: S_5+4 (6)
[23:55:05] UFFTYPER: Unrecognized atom type: S_5+4 (14)
[23:55:05] UFFTYPER: Unrecognized atom type: S_5+4 (6)
[23:55:05] UFFTYPER: Unrecognized atom type: S_5+4 (21)
[23:55:06] UFFTYPER: Unrecognized atom type: S_5+4 (6)
[23:55:06] UFFTYPER: Unrecognized atom type: S_5+4 (21)
[23:55:06] UFFTYPER: Unrecognized atom type: S_5+4 (6)
[23:55:06] UFFTYPER: Unrecognized atom type: S_5+4 (12)
[23:55:06] UFFTYPER: Unrecognized atom type: S_5+4 (12)
[23:55:06] UFFTYPER: Unrecognized atom type: S_5+4 (6)
[23:55:07] UFFTYPER: Unrecognized atom type: S_5+4 (6)
[23:55:07] UFFTYPER: Unrecognized atom type: S_5+4 (6)
[23:55:07] UFFTYPER: Unrecognized atom type: S_5+4 (6)
[23:55:07] UFFTYPER: Unrecognized atom type: S_5+4 (6)
[23:55:08] UFFTYPER: Unrecognized atom type: S_5+4 (15)
[23:55:08] UFFTYPER: Unrecognized atom type: S_5+4 (6)
[23:55:08] UFFTYPER: Unrecognized atom type: S_5+4 (15)
[23:55:08] UFFTYPER: Unrecognized atom type: S_5+4 (6)
[23:55:08] UFFTYPER: Unrecognized atom type: S_5+4 (6)
[23:55:08] UFFTYPER: Unrecognized atom type: S_5+4 (6)
[23:55:09] UFFTYPER: Unrecognized atom type: S_5+4 (6)
[23:55:09] UFFTYPER: Unrecognized atom type: S_5+4 (6)
[23:55:09] UFFTYPER: Unrecognized atom type: S_5+4 (13)
[23:55:09] UFFTYPER: Unrecognized atom type: S_5+4 (6)
[23:55:09] UFFTYPER: Unrecognized atom type: S_5+4 (13)
[23:55:10] UFFTYPER: Unrecognized atom type: S_5+4 (6)
[23:55:10] UFFTYPER: Unrecognized atom type: S_5+4 (12)
[23:55:10] UFFTYPER: Unrecognized atom type: S_5+4 (13)
[23:55:10] UFFTYPER: Unrecognized atom type: S_5+4 (12)
[23:55:10] UFFTYPER: Unrecognized atom type: S_5+4 (13)
[23:55:10] UFFTYPER: Unrecognized atom type: S_5+4 (15)
[23:55:11] UFFTYPER: Unrecognized atom type: S_5+4 (11)
[23:55:11] UFFTYPER: Unrecognized atom type: S_5+4 (15)
[23:55:11] UFFTYPER: Unrecognized atom type: S_5+4 (11)
[23:55:11] UFFTYPER: Unrecognized atom type: S_5+4 (13)
[23:55:11] UFFTYPER: Unrecognized atom type: S_5+4 (13)
[23:55:12] UFFTYPER: Unrecognized atom type: S_5+4 (13)
[23:55:12] UFFTYPER: Unrecognized atom type: S_5+4 (13)
[23:55:12] UFFTYPER: Unrecognized atom type: S_5+4 (13)
[23:55:12] UFFTYPER: Unrecognized atom type: S_5+4 (13)
[23:55:12] UFFTYPER: Unrecognized atom type: S_5+4 (13)
[23:55:13] UFFTYPER: Unrecognized atom type: S_5+4 (13)
[23:55:13] UFFTYPER: Unrecognized atom type: S_5+4 (13)
[23:55:13] UFFTYPER: Unrecognized atom type: S_5+4 (13)
[23:55:13] UFFTYPER: Unrecognized atom type: S_5+4 (13)
[23:55:13] UFFTYPER: Unrecognized atom type: S_5+4 (13)
[23:55:14] UFFTYPER: Unrecognized atom type: S_5+4 (14)
[23:55:14] UFFTYPER: Unrecognized atom type: S_5+4 (14)
[23:55:14] UFFTYPER: Unrecognized atom type: S_5+4 (14)
[23:55:14] UFFTYPER: Unrecognized atom type: S_5+4 (14)
[23:55:15] UFFTYPER: Unrecognized atom type: S_5+4 (12)
[23:55:15] UFFTYPER: Unrecognized atom type: S_5+4 (12)
[23:55:15] UFFTYPER: Unrecognized atom type: S_5+4 (12)
[23:55:15] UFFTYPER: Unrecognized atom type: S_5+4 (12)
[23:55:15] UFFTYPER: Unrecognized atom type: S_5+4 (14)
[23:55:15] UFFTYPER: Unrecognized atom type: S_5+4 (15)
[23:55:15] UFFTYPER: Unrecognized atom type: S_5+4 (14)
[23:55:15] UFFTYPER: Unrecognized atom type: S_5+4 (15)
[23:55:16] UFFTYPER: Unrecognized atom type: S_5+4 (14)
[23:55:16] UFFTYPER: Unrecognized atom type: S_5+4 (12)
[23:55:16] UFFTYPER: Unrecognized atom type: S_5+4 (14)
[23:55:16] UFFTYPER: Unrecognized atom type: S_5+4 (12)
[23:55:17] UFFTYPER: Unrecognized atom type: S_5+4 (12)
[23:55:17] UFFTYPER: Unrecognized atom type: S_5+4 (14)
[23:55:17] UFFTYPER: Unrecognized atom type: S_5+4 (12)
[23:55:17] UFFTYPER: Unrecognized atom type: S_5+4 (14)
[23:55:18] UFFTYPER: Unrecognized atom type: S_5+4 (13)
[23:55:18] UFFTYPER: Unrecognized atom type: S_5+4 (13)
[23:55:18] UFFTYPER: Unrecognized atom type: S_5+4 (13)
[23:55:18] UFFTYPER: Unrecognized atom type: S_5+4 (13)
[23:55:18] UFFTYPER: Unrecognized atom type: S_5+4 (13)
[23:55:18] UFFTYPER: Unrecognized atom type: S_5+4 (13)
[23:55:19] UFFTYPER: Unrecognized atom type: S_5+4 (13)
[23:55:19] UFFTYPER: Unrecognized atom type: S_5+4 (13)
[23:55:19] UFFTYPER: Unrecognized atom type: S_5+4 (13)
[23:55:19] UFFTYPER: Unrecognized atom type: S_5+4 (13)
[23:55:19] UFFTYPER: Unrecognized atom type: S_5+4 (13)
[23:55:20] UFFTYPER: Unrecognized atom type: S_5+4 (13)
[23:55:20] UFFTYPER: Unrecognized atom type: S_5+4 (13)
[23:55:20] UFFTYPER: Unrecognized atom type: S_5+4 (13)
[23:55:20] UFFTYPER: Unrecognized atom type: S_5+4 (15)
[23:55:20] UFFTYPER: Unrecognized atom type: S_5+4 (15)
[23:55:21] UFFTYPER: Unrecognized atom type: S_5+4 (13)
[23:55:21] UFFTYPER: Unrecognized atom type: S_5+4 (14)
[23:55:21] UFFTYPER: Unrecognized atom type: S_5+4 (13)
[23:55:21] UFFTYPER: Unrecognized atom type: S_5+4 (13)
[23:55:21] UFFTYPER: Unrecognized atom type: S_5+4 (13)
[23:55:21] UFFTYPER: Unrecognized atom type: S_5+4 (14)
[23:55:22] UFFTYPER: Unrecognized atom type: S_5+4 (13)
[23:55:22] UFFTYPER: Unrecognized atom type: S_5+4 (13)
[23:55:22] UFFTYPER: Unrecognized atom type: S_5+4 (13)
[23:55:22] UFFTYPER: Unrecognized atom type: S_5+4 (12)
[23:55:23] UFFTYPER: Unrecognized atom type: S_5+4 (13)
[23:55:23] UFFTYPER: Unrecognized atom type: S_5+4 (12)
[23:55:24] UFFTYPER: Unrecognized atom type: S_5+4 (13)
[23:55:24] UFFTYPER: Unrecognized atom type: S_5+4 (13)
[23:55:24] UFFTYPER: Unrecognized atom type: S_5+4 (13)
[23:55:25] UFFTYPER: Unrecognized atom type: S_5+4 (13)
[23:55:25] UFFTYPER: Unrecognized atom type: S_5+4 (14)
[23:55:26] UFFTYPER: Unrecognized atom type: S_5+4 (14)
[23:55:26] UFFTYPER: Unrecognized atom type: S_5+4 (14)
[23:55:26] UFFTYPER: Unrecognized atom type: S_5+4 (14)
[23:55:27] UFFTYPER: Unrecognized atom type: S_5+4 (12)
[23:55:27] UFFTYPER: Unrecognized atom type: S_5+4 (14)
[23:55:27] UFFTYPER: Unrecognized atom type: S_5+4 (12)
[23:55:28] UFFTYPER: Unrecognized atom type: S_5+4 (14)
[23:55:28] UFFTYPER: Unrecognized atom type: S_5+4 (12)
[23:55:29] UFFTYPER: Unrecognized atom type: S_5+4 (12)
[23:55:29] UFFTYPER: Unrecognized atom type: S_5+4 (15)
[23:55:29] UFFTYPER: Unrecognized atom type: S_5+4 (15)
[23:55:30] UFFTYPER: Unrecognized atom type: S_5+4 (14)
[23:55:30] UFFTYPER: Unrecognized atom type: S_5+4 (14)
[23:55:30] UFFTYPER: Unrecognized atom type: S_5+4 (14)
[23:55:31] UFFTYPER: Unrecognized atom type: S_5+4 (14)
[23:55:31] UFFTYPER: Unrecognized atom type: S_5+4 (12)
[23:55:32] UFFTYPER: Unrecognized atom type: S_5+4 (12)
[23:55:32] UFFTYPER: Unrecognized atom type: S_5+4 (13)
[23:55:32] UFFTYPER: Unrecognized atom type: S_5+4 (13)
[23:55:33] UFFTYPER: Unrecognized atom type: S_5+4 (14)
[23:55:33] UFFTYPER: Unrecognized atom type: S_5+4 (14)
[23:55:34] UFFTYPER: Unrecognized atom type: S_5+4 (12)
[23:55:34] UFFTYPER: Unrecognized atom type: S_5+4 (12)
[01:39:25] UFFTYPER: Unrecognized atom type: Se2+2 (14)
[01:39:25] UFFTYPER: Unrecognized atom type: Se2+2 (14)
[03:54:53] UFFTYPER: Unrecognized atom type: S_5+4 (14)
[03:54:53] UFFTYPER: Unrecognized atom type: S_5+4 (14)
[03:54:55] UFFTYPER: Unrecognized atom type: S_5+4 (14)
[03:54:55] UFFTYPER: Unrecognized atom type: S_5+4 (14)
[03:54:55] UFFTYPER: Unrecognized atom type: S_5+4 (14)
[03:54:55] UFFTYPER: Unrecognized atom type: S_5+4 (14)
[03:54:56] UFFTYPER: Unrecognized atom type: S_5+4 (14)
[03:54:56] UFFTYPER: Unrecognized atom type: S_5+4 (14)
[03:54:56] UFFTYPER: Unrecognized atom type: S_5+4 (14)
[03:54:56] UFFTYPER: Unrecognized atom type: S_5+4 (14)
[03:54:57] UFFTYPER: Unrecognized atom type: S_5+4 (15)
[03:54:57] UFFTYPER: Unrecognized atom type: S_5+4 (15)
[03:54:58] UFFTYPER: Unrecognized atom type: S_5+4 (14)
[03:54:58] UFFTYPER: Unrecognized atom type: S_5+4 (14)
[03:54:59] UFFTYPER: Unrecognized atom type: S_5+4 (16)
[03:54:59] UFFTYPER: Unrecognized atom type: S_5+4 (17)
[03:54:59] UFFTYPER: Unrecognized atom type: S_5+4 (16)
[03:54:59] UFFTYPER: Unrecognized atom type: S_5+4 (15)
[03:54:59] UFFTYPER: Unrecognized atom type: S_5+4 (17)
[03:54:59] UFFTYPER: Unrecognized atom type: S_5+4 (15)
[03:55:00] UFFTYPER: Unrecognized atom type: S_5+4 (14)
[03:55:00] UFFTYPER: Unrecognized atom type: S_5+4 (14)
[03:55:00] UFFTYPER: Unrecognized atom type: S_5+4 (19)
[03:55:00] UFFTYPER: Unrecognized atom type: S_5+4 (15)
[03:55:01] UFFTYPER: Unrecognized atom type: S_5+4 (19)
[03:55:01] UFFTYPER: Unrecognized atom type: S_5+4 (15)
[03:55:02] UFFTYPER: Unrecognized atom type: S_5+4 (14)
[03:55:02] UFFTYPER: Unrecognized atom type: S_5+4 (14)
[03:55:02] UFFTYPER: Unrecognized atom type: S_5+4 (18)
[03:55:02] UFFTYPER: Unrecognized atom type: S_5+4 (15)
[03:55:02] UFFTYPER: Unrecognized atom type: S_5+4 (15)
[03:55:02] UFFTYPER: Unrecognized atom type: S_5+4 (18)
[03:55:03] UFFTYPER: Unrecognized atom type: S_5+4 (10)
[03:55:03] UFFTYPER: Unrecognized atom type: S_5+4 (10)
[03:55:03] UFFTYPER: Unrecognized atom type: S_5+4 (15)
[03:55:03] UFFTYPER: Unrecognized atom type: S_5+4 (15)
[03:55:04] UFFTYPER: Unrecognized atom type: S_5+4 (14)
[03:55:05] UFFTYPER: Unrecognized atom type: S_5+4 (14)
[03:55:05] UFFTYPER: Unrecognized atom type: S_5+4 (14)
[03:55:05] UFFTYPER: Unrecognized atom type: S_5+4 (14)
[03:55:05] UFFTYPER: Unrecognized atom type: S_5+4 (15)
[03:55:05] UFFTYPER: Unrecognized atom type: S_5+4 (15)
[03:55:06] UFFTYPER: Unrecognized atom type: S_5+4 (13)
[03:55:06] UFFTYPER: Unrecognized atom type: S_5+4 (13)
[03:55:06] UFFTYPER: Unrecognized atom type: S_5+4 (13)
[03:55:06] UFFTYPER: Unrecognized atom type: S_5+4 (13)
[03:55:06] UFFTYPER: Unrecognized atom type: S_5+4 (15)
[03:55:06] UFFTYPER: Unrecognized atom type: S_5+4 (15)
[03:55:07] UFFTYPER: Unrecognized atom type: S_5+4 (15)
[03:55:07] UFFTYPER: Unrecognized atom type: S_5+4 (14)
[03:55:07] UFFTYPER: Unrecognized atom type: S_5+4 (15)
[03:55:07] UFFTYPER: Unrecognized atom type: S_5+4 (14)
[03:55:08] UFFTYPER: Unrecognized atom type: S_5+4 (15)
[03:55:08] UFFTYPER: Unrecognized atom type: S_5+4 (15)
[03:55:09] UFFTYPER: Unrecognized atom type: S_5+4 (14)
[03:55:09] UFFTYPER: Unrecognized atom type: S_5+4 (14)
[03:55:09] UFFTYPER: Unrecognized atom type: S_5+4 (14)
[03:55:09] UFFTYPER: Unrecognized atom type: S_5+4 (14)
[03:55:09] UFFTYPER: Unrecognized atom type: S_5+4 (15)
[03:55:09] UFFTYPER: Unrecognized atom type: S_5+4 (15)
[03:55:10] UFFTYPER: Unrecognized atom type: S_5+4 (12)
[03:55:10] UFFTYPER: Unrecognized atom type: S_5+4 (12)
[03:55:10] UFFTYPER: Unrecognized atom type: S_5+4 (12)
[03:55:10] UFFTYPER: Unrecognized atom type: S_5+4 (12)
[03:55:11] UFFTYPER: Unrecognized atom type: S_5+4 (15)
[03:55:11] UFFTYPER: Unrecognized atom type: S_5+4 (15)
[03:55:11] UFFTYPER: Unrecognized atom type: S_5+4 (15)
[03:55:11] UFFTYPER: Unrecognized atom type: S_5+4 (15)
[03:55:12] UFFTYPER: Unrecognized atom type: S_5+4 (14)
[03:55:12] UFFTYPER: Unrecognized atom type: S_5+4 (12)
[03:55:12] UFFTYPER: Unrecognized atom type: S_5+4 (12)
[03:55:12] UFFTYPER: Unrecognized atom type: S_5+4 (14)
[03:55:12] UFFTYPER: Unrecognized atom type: S_5+4 (14)
[03:55:12] UFFTYPER: Unrecognized atom type: S_5+4 (15)
[03:55:12] UFFTYPER: Unrecognized atom type: S_5+4 (14)
[03:55:12] UFFTYPER: Unrecognized atom type: S_5+4 (15)
[03:55:13] UFFTYPER: Unrecognized atom type: S_5+4 (15)
[03:55:13] UFFTYPER: Unrecognized atom type: S_5+4 (11)
[03:55:13] UFFTYPER: Unrecognized atom type: S_5+4 (15)
[03:55:13] UFFTYPER: Unrecognized atom type: S_5+4 (11)
[03:55:13] UFFTYPER: Unrecognized atom type: S_5+4 (18)
[03:55:14] UFFTYPER: Unrecognized atom type: S_5+4 (18)
[03:55:14] UFFTYPER: Unrecognized atom type: S_5+4 (15)
[03:55:14] UFFTYPER: Unrecognized atom type: S_5+4 (15)
[03:55:14] UFFTYPER: Unrecognized atom type: S_5+4 (15)
[03:55:14] UFFTYPER: Unrecognized atom type: S_5+4 (15)
[03:55:14] UFFTYPER: Unrecognized atom type: S_5+4 (15)
[03:55:14] UFFTYPER: Unrecognized atom type: S_5+4 (15)
[03:55:15] UFFTYPER: Unrecognized atom type: S_5+4 (16)
[03:55:15] UFFTYPER: Unrecognized atom type: S_5+4 (16)
[03:55:15] UFFTYPER: Unrecognized atom type: S_5+4 (15)
[03:55:15] UFFTYPER: Unrecognized atom type: S_5+4 (15)
[03:55:16] UFFTYPER: Unrecognized atom type: S_5+4 (17)
[03:55:16] UFFTYPER: Unrecognized atom type: S_5+4 (16)
[03:55:16] UFFTYPER: Unrecognized atom type: S_5+4 (17)
[03:55:16] UFFTYPER: Unrecognized atom type: S_5+4 (16)
[03:55:16] UFFTYPER: Unrecognized atom type: S_5+4 (15)
[03:55:16] UFFTYPER: Unrecognized atom type: S_5+4 (15)
[03:55:17] UFFTYPER: Unrecognized atom type: S_5+4 (7)
[03:55:17] UFFTYPER: Unrecognized atom type: S_5+4 (7)
[03:55:17] UFFTYPER: Unrecognized atom type: S_5+4 (16)
[03:55:17] UFFTYPER: Unrecognized atom type: S_5+4 (16)
[03:55:17] UFFTYPER: Unrecognized atom type: S_5+4 (16)
[03:55:17] UFFTYPER: Unrecognized atom type: S_5+4 (16)
[03:55:18] UFFTYPER: Unrecognized atom type: S_5+4 (15)
[03:55:18] UFFTYPER: Unrecognized atom type: S_5+4 (15)
[03:55:18] UFFTYPER: Unrecognized atom type: S_5+4 (15)
[03:55:18] UFFTYPER: Unrecognized atom type: S_5+4 (15)
[03:55:19] UFFTYPER: Unrecognized atom type: S_5+4 (15)
[03:55:19] UFFTYPER: Unrecognized atom type: S_5+4 (17)
[03:55:19] UFFTYPER: Unrecognized atom type: S_5+4 (15)
[03:55:19] UFFTYPER: Unrecognized atom type: S_5+4 (17)
[03:55:19] UFFTYPER: Unrecognized atom type: S_5+4 (15)
[03:55:19] UFFTYPER: Unrecognized atom type: S_5+4 (15)
[03:55:20] UFFTYPER: Unrecognized atom type: S_5+4 (15)
[03:55:20] UFFTYPER: Unrecognized atom type: S_5+4 (15)
[03:55:20] UFFTYPER: Unrecognized atom type: S_5+4 (16)
[03:55:20] UFFTYPER: Unrecognized atom type: S_5+4 (15)
[03:55:20] UFFTYPER: Unrecognized atom type: S_5+4 (15)
[03:55:20] UFFTYPER: Unrecognized atom type: S_5+4 (16)
[03:55:21] UFFTYPER: Unrecognized atom type: S_5+4 (15)
[03:55:21] UFFTYPER: Unrecognized atom type: S_5+4 (15)
[03:55:21] UFFTYPER: Unrecognized atom type: S_5+4 (7)
[03:55:21] UFFTYPER: Unrecognized atom type: S_5+4 (7)
[03:55:22] UFFTYPER: Unrecognized atom type: S_5+4 (15)
[03:55:22] UFFTYPER: Unrecognized atom type: S_5+4 (19)
[03:55:22] UFFTYPER: Unrecognized atom type: S_5+4 (15)
[03:55:22] UFFTYPER: Unrecognized atom type: S_5+4 (19)
[03:55:22] UFFTYPER: Unrecognized atom type: S_5+4 (15)
[03:55:22] UFFTYPER: Unrecognized atom type: S_5+4 (15)
[03:55:23] UFFTYPER: Unrecognized atom type: S_5+4 (15)
[03:55:23] UFFTYPER: Unrecognized atom type: S_5+4 (15)
[03:55:23] UFFTYPER: Unrecognized atom type: S_5+4 (13)
[03:55:23] UFFTYPER: Unrecognized atom type: S_5+4 (13)
[03:55:24] UFFTYPER: Unrecognized atom type: S_5+4 (6)
[03:55:24] UFFTYPER: Unrecognized atom type: S_5+4 (6)
[03:55:24] UFFTYPER: Unrecognized atom type: S_5+4 (15)
[03:55:25] UFFTYPER: Unrecognized atom type: S_5+4 (15)
[03:55:25] UFFTYPER: Unrecognized atom type: S_5+4 (16)
[03:55:25] UFFTYPER: Unrecognized atom type: S_5+4 (16)
[03:55:25] UFFTYPER: Unrecognized atom type: S_5+4 (6)
[03:55:25] UFFTYPER: Unrecognized atom type: S_5+4 (6)
[03:55:26] UFFTYPER: Unrecognized atom type: S_5+4 (15)
[03:55:26] UFFTYPER: Unrecognized atom type: S_5+4 (15)
[03:55:26] UFFTYPER: Unrecognized atom type: S_5+4 (16)
[03:55:26] UFFTYPER: Unrecognized atom type: S_5+4 (16)
[03:55:27] UFFTYPER: Unrecognized atom type: S_5+4 (15)
[03:55:27] UFFTYPER: Unrecognized atom type: S_5+4 (15)
[04:01:53] UFFTYPER: Unrecognized atom type: S_6+6 (18)
[04:01:59] UFFTYPER: Unrecognized atom type: S_6+6 (18)
[04:02:03] UFFTYPER: Unrecognized atom type: S_6+6 (18)
[04:02:03] UFFTYPER: Unrecognized atom type: S_6+6 (18)
[04:02:06] UFFTYPER: Unrecognized atom type: S_6+6 (18)
[04:02:07] UFFTYPER: Unrecognized atom type: S_6+6 (18)
[04:02:07] UFFTYPER: Unrecognized atom type: S_6+6 (18)
[04:02:08] UFFTYPER: Unrecognized atom type: S_6+6 (18)
[04:02:20] UFFTYPER: Unrecognized atom type: S_6+6 (18)
[04:02:21] UFFTYPER: Unrecognized atom type: S_6+6 (18)
[04:02:27] UFFTYPER: Unrecognized atom type: S_6+6 (18)
[04:02:28] UFFTYPER: Unrecognized atom type: S_6+6 (18)
[04:02:33] UFFTYPER: Unrecognized atom type: S_6+6 (18)
[04:02:35] UFFTYPER: Unrecognized atom type: S_6+6 (18)
[04:02:39] UFFTYPER: Unrecognized atom type: S_6+6 (18)
[04:02:40] UFFTYPER: Unrecognized atom type: S_6+6 (18)
[04:02:42] UFFTYPER: Unrecognized atom type: S_6+6 (18)
[04:02:43] UFFTYPER: Unrecognized atom type: S_6+6 (18)
[04:02:49] UFFTYPER: Unrecognized atom type: S_6+6 (18)
[04:02:50] UFFTYPER: Unrecognized atom type: S_6+6 (18)
[04:02:54] UFFTYPER: Unrecognized atom type: S_6+6 (18)
[04:02:56] UFFTYPER: Unrecognized atom type: S_6+6 (18)
[04:03:14] UFFTYPER: Unrecognized atom type: S_6+6 (18)
[04:03:15] UFFTYPER: Unrecognized atom type: S_6+6 (18)
[04:03:17] UFFTYPER: Unrecognized atom type: S_6+6 (18)
[04:03:18] UFFTYPER: Unrecognized atom type: S_6+6 (18)
[04:03:22] UFFTYPER: Unrecognized atom type: S_6+6 (18)
[04:03:23] UFFTYPER: Unrecognized atom type: S_6+6 (18)
[04:03:23] UFFTYPER: Unrecognized atom type: S_6+6 (18)
[04:03:24] UFFTYPER: Unrecognized atom type: S_6+6 (18)
[04:03:36] UFFTYPER: Unrecognized atom type: S_6+6 (18)
[04:03:37] UFFTYPER: Unrecognized atom type: S_6+6 (18)
[04:03:38] UFFTYPER: Unrecognized atom type: S_6+6 (18)
[04:03:39] UFFTYPER: Unrecognized atom type: S_6+6 (18)
[04:03:45] UFFTYPER: Unrecognized atom type: S_6+6 (18)
[04:03:46] UFFTYPER: Unrecognized atom type: S_6+6 (18)
[04:03:54] UFFTYPER: Unrecognized atom type: S_6+6 (18)
[04:03:54] UFFTYPER: Unrecognized atom type: S_6+6 (18)
[04:03:55] UFFTYPER: Unrecognized atom type: S_6+6 (18)
[04:03:55] UFFTYPER: Unrecognized atom type: S_6+6 (18)
[04:03:55] UFFTYPER: Unrecognized atom type: S_6+6 (18)
[04:03:57] UFFTYPER: Unrecognized atom type: S_6+6 (18)
[04:03:59] UFFTYPER: Unrecognized atom type: S_6+6 (18)
[04:04:00] UFFTYPER: Unrecognized atom type: S_6+6 (18)
[04:04:02] UFFTYPER: Unrecognized atom type: S_6+6 (18)
[04:04:04] UFFTYPER: Unrecognized atom type: S_6+6 (18)
[04:04:07] UFFTYPER: Unrecognized atom type: S_6+6 (18)
[04:04:08] UFFTYPER: Unrecognized atom type: S_6+6 (18)
[04:04:19] UFFTYPER: Unrecognized atom type: S_6+6 (18)
[04:04:20] UFFTYPER: Unrecognized atom type: S_6+6 (16)
[04:04:21] UFFTYPER: Unrecognized atom type: S_6+6 (18)
[04:04:23] UFFTYPER: Unrecognized atom type: S_6+6 (18)
[04:04:26] UFFTYPER: Unrecognized atom type: S_6+6 (18)
[04:04:26] UFFTYPER: Unrecognized atom type: S_6+6 (18)
[04:04:27] UFFTYPER: Unrecognized atom type: S_6+6 (18)
[04:04:27] UFFTYPER: Unrecognized atom type: S_6+6 (24)
[04:04:43] UFFTYPER: Unrecognized atom type: S_6+6 (16)
[04:04:44] UFFTYPER: Unrecognized atom type: S_6+6 (24)
[04:04:44] UFFTYPER: Unrecognized atom type: S_6+6 (21)
[04:04:45] UFFTYPER: Unrecognized atom type: S_6+6 (18)
[04:04:54] UFFTYPER: Unrecognized atom type: S_6+6 (18)
[04:04:55] UFFTYPER: Unrecognized atom type: S_6+6 (17)
[04:04:56] UFFTYPER: Unrecognized atom type: S_6+6 (18)
[04:04:57] UFFTYPER: Unrecognized atom type: S_6+6 (18)
[04:05:03] UFFTYPER: Unrecognized atom type: S_6+6 (18)
[04:05:04] UFFTYPER: Unrecognized atom type: S_6+6 (22)
[04:05:08] UFFTYPER: Unrecognized atom type: S_6+6 (22)
[04:05:09] UFFTYPER: Unrecognized atom type: S_6+6 (21)
[04:05:24] UFFTYPER: Unrecognized atom type: S_6+6 (18)
[04:05:25] UFFTYPER: Unrecognized atom type: S_6+6 (18)
[04:05:31] UFFTYPER: Unrecognized atom type: S_6+6 (21)
[04:05:32] UFFTYPER: Unrecognized atom type: S_6+6 (21)
[04:05:38] UFFTYPER: Unrecognized atom type: S_6+6 (17)
[04:05:38] UFFTYPER: Unrecognized atom type: S_6+6 (21)
[04:05:39] UFFTYPER: Unrecognized atom type: S_6+6 (24)
[04:05:40] UFFTYPER: Unrecognized atom type: S_6+6 (22)
[04:05:54] UFFTYPER: Unrecognized atom type: S_6+6 (18)
[04:05:55] UFFTYPER: Unrecognized atom type: S_6+6 (22)
[04:05:57] UFFTYPER: Unrecognized atom type: S_6+6 (22)
[04:05:58] UFFTYPER: Unrecognized atom type: S_6+6 (21)
[04:06:00] UFFTYPER: Unrecognized atom type: S_6+6 (21)
[04:06:01] UFFTYPER: Unrecognized atom type: S_6+6 (21)
[04:06:11] UFFTYPER: Unrecognized atom type: S_6+6 (24)
[04:06:12] UFFTYPER: Unrecognized atom type: S_6+6 (20)
[04:06:17] UFFTYPER: Unrecognized atom type: S_6+6 (20)
[04:06:18] UFFTYPER: Unrecognized atom type: S_6+6 (16)
[04:06:22] UFFTYPER: Unrecognized atom type: S_6+6 (22)
[04:06:22] UFFTYPER: Unrecognized atom type: S_6+6 (21)
[04:06:23] UFFTYPER: Unrecognized atom type: S_6+6 (22)
[04:06:23] UFFTYPER: Unrecognized atom type: S_6+6 (22)
[04:06:27] UFFTYPER: Unrecognized atom type: S_6+6 (22)
[04:06:28] UFFTYPER: Unrecognized atom type: S_6+6 (18)
[04:06:53] UFFTYPER: Unrecognized atom type: S_6+6 (16)
[04:06:54] UFFTYPER: Unrecognized atom type: S_6+6 (20)
[04:06:58] UFFTYPER: Unrecognized atom type: S_6+6 (22)
[04:06:59] UFFTYPER: Unrecognized atom type: S_6+6 (20)
[04:07:00] UFFTYPER: Unrecognized atom type: S_6+6 (20)
[04:07:00] UFFTYPER: Unrecognized atom type: S_6+6 (21)
[04:07:02] UFFTYPER: Unrecognized atom type: S_6+6 (22)
[04:07:02] UFFTYPER: Unrecognized atom type: S_6+6 (18)
[04:07:02] UFFTYPER: Unrecognized atom type: S_6+6 (18)
[04:07:03] UFFTYPER: Unrecognized atom type: S_6+6 (17)
[04:07:07] UFFTYPER: Unrecognized atom type: S_6+6 (20)
[04:07:08] UFFTYPER: Unrecognized atom type: S_6+6 (22)
[04:07:10] UFFTYPER: Unrecognized atom type: S_6+6 (22)
[04:07:12] UFFTYPER: Unrecognized atom type: S_6+6 (17)
[04:07:43] UFFTYPER: Unrecognized atom type: S_6+6 (17)
[04:07:44] UFFTYPER: Unrecognized atom type: S_6+6 (24)
[04:07:48] UFFTYPER: Unrecognized atom type: S_6+6 (22)
[04:07:49] UFFTYPER: Unrecognized atom type: S_6+6 (17)
[04:07:56] UFFTYPER: Unrecognized atom type: S_6+6 (18)
[04:07:57] UFFTYPER: Unrecognized atom type: S_6+6 (17)
[04:08:01] UFFTYPER: Unrecognized atom type: S_6+6 (17)
[04:08:02] UFFTYPER: Unrecognized atom type: S_6+6 (23)
[04:08:12] UFFTYPER: Unrecognized atom type: S_6+6 (24)
[04:08:13] UFFTYPER: Unrecognized atom type: S_6+6 (23)
[04:08:14] UFFTYPER: Unrecognized atom type: S_6+6 (17)
[04:08:16] UFFTYPER: Unrecognized atom type: S_6+6 (20)
[04:08:30] UFFTYPER: Unrecognized atom type: S_6+6 (23)
[04:08:41] UFFTYPER: Unrecognized atom type: S_6+6 (17)
[04:08:42] UFFTYPER: Unrecognized atom type: S_6+6 (18)
[04:08:54] UFFTYPER: Unrecognized atom type: S_6+6 (23)
[04:08:55] UFFTYPER: Unrecognized atom type: S_6+6 (22)
[04:09:10] UFFTYPER: Unrecognized atom type: S_6+6 (20)
[04:09:11] UFFTYPER: Unrecognized atom type: S_6+6 (23)
[04:09:19] UFFTYPER: Unrecognized atom type: S_6+6 (18)
[04:09:21] UFFTYPER: Unrecognized atom type: S_6+6 (23)
[04:09:26] UFFTYPER: Unrecognized atom type: S_6+6 (23)
[04:09:28] UFFTYPER: Unrecognized atom type: S_6+6 (23)
[04:09:44] UFFTYPER: Unrecognized atom type: S_6+6 (23)
[04:09:54] UFFTYPER: Unrecognized atom type: S_6+6 (22)
[04:10:50] UFFTYPER: Unrecognized atom type: S_6+6 (23)
[04:10:52] UFFTYPER: Unrecognized atom type: S_6+6 (23)
[04:13:08] UFFTYPER: Unrecognized atom type: S_6+6 (23)
[04:13:10] UFFTYPER: Unrecognized atom type: S_6+6 (23)
[04:14:00] UFFTYPER: Unrecognized atom type: S_6+6 (23)
[04:17:53] UFFTYPER: Unrecognized atom type: S_6+6 (22)
[04:17:53] UFFTYPER: Unrecognized atom type: S_6+6 (17)
[04:17:53] UFFTYPER: Unrecognized atom type: S_6+6 (18)
[04:17:53] UFFTYPER: Unrecognized atom type: S_6+6 (23)
[04:17:57] UFFTYPER: Unrecognized atom type: S_6+6 (22)
[04:17:58] UFFTYPER: Unrecognized atom type: S_6+6 (23)
[04:18:20] UFFTYPER: Unrecognized atom type: S_6+6 (18)
[04:18:21] UFFTYPER: Unrecognized atom type: S_6+6 (21)
[04:18:23] UFFTYPER: Unrecognized atom type: S_6+6 (23)
[04:18:25] UFFTYPER: Unrecognized atom type: S_6+6 (23)
[04:18:30] UFFTYPER: Unrecognized atom type: S_6+6 (17)
[04:18:30] UFFTYPER: Unrecognized atom type: S_6+6 (21)
[04:18:31] UFFTYPER: Unrecognized atom type: S_6+6 (20)
[04:18:32] UFFTYPER: Unrecognized atom type: S_6+6 (19)
[04:19:01] UFFTYPER: Unrecognized atom type: S_6+6 (20)
[04:19:03] UFFTYPER: Unrecognized atom type: S_6+6 (22)
[04:19:19] UFFTYPER: Unrecognized atom type: S_6+6 (23)
[04:19:21] UFFTYPER: Unrecognized atom type: S_6+6 (20)
[04:19:21] UFFTYPER: Unrecognized atom type: S_6+6 (19)
[04:19:22] UFFTYPER: Unrecognized atom type: S_6+6 (20)
[04:19:40] UFFTYPER: Unrecognized atom type: S_6+6 (22)
[04:19:41] UFFTYPER: Unrecognized atom type: S_6+6 (17)
[04:19:44] UFFTYPER: Unrecognized atom type: S_6+6 (20)
[04:19:44] UFFTYPER: Unrecognized atom type: S_6+6 (23)
[04:19:45] UFFTYPER: Unrecognized atom type: S_6+6 (24)
[04:19:46] UFFTYPER: Unrecognized atom type: S_6+6 (19)
[04:20:08] UFFTYPER: Unrecognized atom type: S_6+6 (20)
[04:20:09] UFFTYPER: Unrecognized atom type: S_6+6 (21)
[04:20:28] UFFTYPER: Unrecognized atom type: S_6+6 (21)
[04:20:29] UFFTYPER: Unrecognized atom type: S_6+6 (22)
[04:20:31] UFFTYPER: Unrecognized atom type: S_6+6 (24)
[04:20:33] UFFTYPER: Unrecognized atom type: S_6+6 (20)
[04:20:36] UFFTYPER: Unrecognized atom type: S_6+6 (22)
[04:20:37] UFFTYPER: Unrecognized atom type: S_6+6 (25)
[04:20:54] UFFTYPER: Unrecognized atom type: S_6+6 (19)
[04:20:55] UFFTYPER: Unrecognized atom type: S_6+6 (25)
[04:20:55] UFFTYPER: Unrecognized atom type: S_6+6 (21)
[04:20:56] UFFTYPER: Unrecognized atom type: S_6+6 (22)
[04:21:11] UFFTYPER: Unrecognized atom type: S_6+6 (17)
[04:21:12] UFFTYPER: Unrecognized atom type: S_6+6 (22)
[04:21:36] UFFTYPER: Unrecognized atom type: S_6+6 (22)
[04:21:37] UFFTYPER: Unrecognized atom type: S_6+6 (24)
[04:21:43] UFFTYPER: Unrecognized atom type: S_6+6 (22)
[04:21:44] UFFTYPER: Unrecognized atom type: S_6+6 (22)
[04:21:45] UFFTYPER: Unrecognized atom type: S_6+6 (22)
[04:21:46] UFFTYPER: Unrecognized atom type: S_6+6 (20)
[04:21:46] UFFTYPER: Unrecognized atom type: S_6+6 (20)
[04:21:47] UFFTYPER: Unrecognized atom type: S_6+6 (22)
[04:21:48] UFFTYPER: Unrecognized atom type: S_6+6 (24)
[04:21:49] UFFTYPER: Unrecognized atom type: S_5+4 (12)
[04:21:49] UFFTYPER: Unrecognized atom type: S_5+4 (12)
[04:21:50] UFFTYPER: Unrecognized atom type: S_5+4 (21)
[04:21:50] UFFTYPER: Unrecognized atom type: S_5+4 (21)
[04:21:50] UFFTYPER: Unrecognized atom type: S_6+6 (20)
[04:21:52] UFFTYPER: Unrecognized atom type: S_6+6 (22)
[04:21:58] UFFTYPER: Unrecognized atom type: S_6+6 (22)
[04:22:16] UFFTYPER: Unrecognized atom type: S_5+4 (12)
[04:22:16] UFFTYPER: Unrecognized atom type: S_5+4 (12)
[04:22:17] UFFTYPER: Unrecognized atom type: S_5+4 (12)
[04:22:17] UFFTYPER: Unrecognized atom type: S_5+4 (12)
[04:22:18] UFFTYPER: Unrecognized atom type: S_5+4 (21)
[04:22:18] UFFTYPER: Unrecognized atom type: S_5+4 (21)
[04:22:39] UFFTYPER: Unrecognized atom type: S_6+6 (21)
[04:22:40] UFFTYPER: Unrecognized atom type: S_6+6 (22)
[04:22:43] UFFTYPER: Unrecognized atom type: S_6+6 (22)
[04:22:45] UFFTYPER: Unrecognized atom type: S_6+6 (18)
[04:23:28] UFFTYPER: Unrecognized atom type: S_6+6 (18)
[04:24:25] UFFTYPER: Unrecognized atom type: S_6+6 (22)
[04:24:26] UFFTYPER: Unrecognized atom type: S_6+6 (22)
[04:24:32] UFFTYPER: Unrecognized atom type: S_6+6 (22)
[04:24:33] UFFTYPER: Unrecognized atom type: S_6+6 (21)
[04:24:39] UFFTYPER: Unrecognized atom type: S_6+6 (21)
[04:24:40] UFFTYPER: Unrecognized atom type: S_6+6 (19)
[04:24:58] UFFTYPER: Unrecognized atom type: S_6+6 (19)
