[20:03:38] UFFTYPER: Warning: hybridization set to SP3 for atom 10
[20:03:38] UFFTYPER: Warning: hybridization set to SP3 for atom 10
[20:03:40] UFFTYPER: Unrecognized atom type: S_5+4 (7)
[20:03:40] UFFTYPER: Unrecognized atom type: S_5+4 (7)
[20:03:41] UFFTYPER: Unrecognized atom type: S_5+4 (10)
[20:03:41] UFFTYPER: Unrecognized atom type: S_5+4 (10)
[20:39:47] UFFTYPER: Unrecognized atom type: Se2+2 (14)
[20:39:47] UFFTYPER: Unrecognized atom type: Se2+2 (14)
[20:51:24] UFFTYPER: Unrecognized atom type: S_5+4 (9)
[20:51:24] UFFTYPER: Unrecognized atom type: S_5+4 (9)
[20:51:25] UFFTYPER: Unrecognized atom type: S_5+4 (8)
[20:51:25] UFFTYPER: Unrecognized atom type: S_5+4 (8)
[20:51:26] UFFTYPER: Unrecognized atom type: S_5+4 (12)
[20:51:26] UFFTYPER: Unrecognized atom type: S_5+4 (12)
[20:51:27] UFFTYPER: Unrecognized atom type: S_5+4 (3)
[20:51:27] UFFTYPER: Unrecognized atom type: S_5+4 (3)
[20:51:28] UFFTYPER: Unrecognized atom type: S_5+4 (10)
[20:51:28] UFFTYPER: Unrecognized atom type: S_5+4 (10)
[20:51:29] UFFTYPER: Unrecognized atom type: S_5+4 (3)
[20:51:29] UFFTYPER: Unrecognized atom type: S_5+4 (9)
[20:51:29] UFFTYPER: Unrecognized atom type: S_5+4 (3)
[20:51:29] UFFTYPER: Unrecognized atom type: S_5+4 (9)
[20:51:29] UFFTYPER: Unrecognized atom type: S_5+4 (6)
[20:51:29] UFFTYPER: Unrecognized atom type: S_5+4 (6)
[20:51:30] UFFTYPER: Unrecognized atom type: S_5+4 (8)
[20:51:30] UFFTYPER: Unrecognized atom type: S_5+4 (9)
[20:51:30] UFFTYPER: Unrecognized atom type: S_5+4 (8)
[20:51:30] UFFTYPER: Unrecognized atom type: S_5+4 (9)
[20:51:30] UFFTYPER: Unrecognized atom type: S_5+4 (13)
[20:51:30] UFFTYPER: Unrecognized atom type: S_5+4 (13)
[20:51:31] UFFTYPER: Unrecognized atom type: S_5+4 (8)
[20:51:31] UFFTYPER: Unrecognized atom type: S_5+4 (8)
[20:51:31] UFFTYPER: Unrecognized atom type: S_5+4 (9)
[20:51:31] UFFTYPER: Unrecognized atom type: S_5+4 (9)
[20:51:31] UFFTYPER: Unrecognized atom type: S_5+4 (7)
[20:51:31] UFFTYPER: Unrecognized atom type: S_5+4 (7)
[20:51:32] UFFTYPER: Unrecognized atom type: S_5+4 (10)
[20:51:32] UFFTYPER: Unrecognized atom type: S_5+4 (10)
[20:51:32] UFFTYPER: Unrecognized atom type: S_5+4 (13)
[20:51:32] UFFTYPER: Unrecognized atom type: S_5+4 (13)
[20:51:33] UFFTYPER: Unrecognized atom type: S_5+4 (9)
[20:51:33] UFFTYPER: Unrecognized atom type: S_5+4 (9)
[20:51:33] UFFTYPER: Unrecognized atom type: S_5+4 (9)
[20:51:33] UFFTYPER: Unrecognized atom type: S_5+4 (9)
[20:51:34] UFFTYPER: Unrecognized atom type: S_5+4 (10)
[20:51:34] UFFTYPER: Unrecognized atom type: S_5+4 (10)
[20:51:34] UFFTYPER: Unrecognized atom type: S_5+4 (3)
[20:51:34] UFFTYPER: Unrecognized atom type: S_5+4 (3)
[20:51:34] UFFTYPER: Unrecognized atom type: S_5+4 (7)
[20:51:34] UFFTYPER: Unrecognized atom type: S_5+4 (7)
[20:51:35] UFFTYPER: Unrecognized atom type: S_5+4 (9)
[20:51:35] UFFTYPER: Unrecognized atom type: S_5+4 (9)
[20:51:35] UFFTYPER: Unrecognized atom type: S_5+4 (9)
[20:51:35] UFFTYPER: Unrecognized atom type: S_5+4 (9)
[20:51:35] UFFTYPER: Unrecognized atom type: S_5+4 (8)
[20:51:35] UFFTYPER: Unrecognized atom type: S_5+4 (8)
[20:51:36] UFFTYPER: Unrecognized atom type: S_5+4 (10)
[20:51:36] UFFTYPER: Unrecognized atom type: S_5+4 (10)
[20:51:36] UFFTYPER: Unrecognized atom type: S_5+4 (10)
[20:51:36] UFFTYPER: Unrecognized atom type: S_5+4 (10)
[20:51:37] UFFTYPER: Unrecognized atom type: S_5+4 (7)
[20:51:37] UFFTYPER: Unrecognized atom type: S_5+4 (7)
[20:51:37] UFFTYPER: Unrecognized atom type: S_5+4 (9)
[20:51:37] UFFTYPER: Unrecognized atom type: S_5+4 (9)
[20:51:37] UFFTYPER: Unrecognized atom type: S_5+4 (9)
[20:51:37] UFFTYPER: Unrecognized atom type: S_5+4 (9)
[20:52:21] UFFTYPER: Unrecognized atom type: S_5+4 (10)
[20:52:21] UFFTYPER: Unrecognized atom type: S_5+4 (10)
[20:52:21] UFFTYPER: Unrecognized atom type: S_5+4 (8)
[20:52:21] UFFTYPER: Unrecognized atom type: S_5+4 (3)
[20:52:21] UFFTYPER: Unrecognized atom type: S_5+4 (10)
[20:52:21] UFFTYPER: Unrecognized atom type: S_5+4 (10)
[20:52:21] UFFTYPER: Unrecognized atom type: S_5+4 (8)
[20:52:21] UFFTYPER: Unrecognized atom type: S_5+4 (3)
[20:52:22] UFFTYPER: Unrecognized atom type: S_5+4 (9)
[20:52:22] UFFTYPER: Unrecognized atom type: S_5+4 (9)
[20:52:22] UFFTYPER: Unrecognized atom type: S_5+4 (3)
[20:52:22] UFFTYPER: Unrecognized atom type: S_5+4 (3)
[20:52:22] UFFTYPER: Unrecognized atom type: S_5+4 (3)
[20:52:22] UFFTYPER: Unrecognized atom type: S_5+4 (3)
[20:52:22] UFFTYPER: Unrecognized atom type: S_5+4 (6)
[20:52:22] UFFTYPER: Unrecognized atom type: S_5+4 (6)
[20:52:23] UFFTYPER: Unrecognized atom type: S_5+4 (8)
[20:52:23] UFFTYPER: Unrecognized atom type: S_5+4 (8)
[20:52:23] UFFTYPER: Unrecognized atom type: S_5+4 (8)
[20:52:23] UFFTYPER: Unrecognized atom type: S_5+4 (8)
[20:52:23] UFFTYPER: Unrecognized atom type: S_5+4 (8)
[20:52:23] UFFTYPER: Unrecognized atom type: S_5+4 (8)
[20:52:23] UFFTYPER: Unrecognized atom type: S_5+4 (8)
[20:52:23] UFFTYPER: Unrecognized atom type: S_5+4 (8)
[20:52:24] UFFTYPER: Unrecognized atom type: S_5+4 (9)
[20:52:24] UFFTYPER: Unrecognized atom type: S_5+4 (9)
[20:52:24] UFFTYPER: Unrecognized atom type: S_5+4 (9)
[20:52:24] UFFTYPER: Unrecognized atom type: S_5+4 (9)
[20:52:24] UFFTYPER: Unrecognized atom type: S_5+4 (3)
[20:52:24] UFFTYPER: Unrecognized atom type: S_5+4 (9)
[20:52:24] UFFTYPER: Unrecognized atom type: S_5+4 (9)
[20:52:24] UFFTYPER: Unrecognized atom type: S_5+4 (3)
[20:52:25] UFFTYPER: Unrecognized atom type: S_5+4 (11)
[20:52:25] UFFTYPER: Unrecognized atom type: S_5+4 (9)
[20:52:25] UFFTYPER: Unrecognized atom type: S_5+4 (11)
[20:52:25] UFFTYPER: Unrecognized atom type: S_5+4 (11)
[20:52:25] UFFTYPER: Unrecognized atom type: S_5+4 (9)
[20:52:25] UFFTYPER: Unrecognized atom type: S_5+4 (11)
[20:52:25] UFFTYPER: Unrecognized atom type: S_5+4 (10)
[20:52:25] UFFTYPER: Unrecognized atom type: S_5+4 (10)
[20:52:26] UFFTYPER: Unrecognized atom type: S_5+4 (8)
[20:52:26] UFFTYPER: Unrecognized atom type: S_5+4 (8)
[20:52:26] UFFTYPER: Unrecognized atom type: S_5+4 (10)
[20:52:26] UFFTYPER: Unrecognized atom type: S_5+4 (10)
[20:52:26] UFFTYPER: Unrecognized atom type: S_5+4 (9)
[20:52:26] UFFTYPER: Unrecognized atom type: S_5+4 (9)
[20:52:26] UFFTYPER: Unrecognized atom type: S_5+4 (9)
[20:52:26] UFFTYPER: Unrecognized atom type: S_5+4 (9)
[20:52:27] UFFTYPER: Unrecognized atom type: S_5+4 (9)
[20:52:27] UFFTYPER: Unrecognized atom type: S_5+4 (9)
[20:52:27] UFFTYPER: Unrecognized atom type: S_5+4 (14)
[20:52:27] UFFTYPER: Unrecognized atom type: S_5+4 (14)
[20:52:27] UFFTYPER: Unrecognized atom type: S_5+4 (9)
[20:52:27] UFFTYPER: Unrecognized atom type: S_5+4 (9)
[20:52:28] UFFTYPER: Unrecognized atom type: S_5+4 (14)
[20:52:28] UFFTYPER: Unrecognized atom type: S_5+4 (14)
[20:52:28] UFFTYPER: Unrecognized atom type: S_5+4 (8)
[20:52:28] UFFTYPER: Unrecognized atom type: S_5+4 (8)
[20:52:29] UFFTYPER: Unrecognized atom type: S_5+4 (7)
[20:52:29] UFFTYPER: Unrecognized atom type: S_5+4 (7)
[20:52:29] UFFTYPER: Unrecognized atom type: S_5+4 (14)
[20:52:29] UFFTYPER: Unrecognized atom type: S_5+4 (14)
[20:52:29] UFFTYPER: Unrecognized atom type: S_5+4 (9)
[20:52:29] UFFTYPER: Unrecognized atom type: S_5+4 (9)
[20:52:29] UFFTYPER: Unrecognized atom type: S_5+4 (6)
[20:52:29] UFFTYPER: Unrecognized atom type: S_5+4 (6)
[20:52:30] UFFTYPER: Unrecognized atom type: S_5+4 (10)
[20:52:30] UFFTYPER: Unrecognized atom type: S_5+4 (10)
[20:52:30] UFFTYPER: Unrecognized atom type: S_5+4 (6)
[20:52:30] UFFTYPER: Unrecognized atom type: S_5+4 (6)
[20:52:30] UFFTYPER: Unrecognized atom type: S_5+4 (7)
[20:52:30] UFFTYPER: Unrecognized atom type: S_5+4 (7)
[20:52:31] UFFTYPER: Unrecognized atom type: S_5+4 (8)
[20:52:31] UFFTYPER: Unrecognized atom type: S_5+4 (8)
[20:52:31] UFFTYPER: Unrecognized atom type: S_5+4 (6)
[20:52:31] UFFTYPER: Unrecognized atom type: S_5+4 (8)
[20:52:31] UFFTYPER: Unrecognized atom type: S_5+4 (6)
[20:52:31] UFFTYPER: Unrecognized atom type: S_5+4 (8)
[20:52:31] UFFTYPER: Unrecognized atom type: S_5+4 (13)
[20:52:31] UFFTYPER: Unrecognized atom type: S_5+4 (13)
[20:52:32] UFFTYPER: Unrecognized atom type: S_5+4 (7)
[20:52:32] UFFTYPER: Unrecognized atom type: S_5+4 (7)
[20:52:32] UFFTYPER: Unrecognized atom type: S_5+4 (14)
[20:52:32] UFFTYPER: Unrecognized atom type: S_5+4 (12)
[20:52:32] UFFTYPER: Unrecognized atom type: S_5+4 (14)
[20:52:32] UFFTYPER: Unrecognized atom type: S_5+4 (14)
[20:52:32] UFFTYPER: Unrecognized atom type: S_5+4 (12)
[20:52:32] UFFTYPER: Unrecognized atom type: S_5+4 (14)
[20:52:32] UFFTYPER: Unrecognized atom type: S_5+4 (8)
[20:52:33] UFFTYPER: Unrecognized atom type: S_5+4 (8)
[20:52:33] UFFTYPER: Unrecognized atom type: S_5+4 (9)
[20:52:33] UFFTYPER: Unrecognized atom type: S_5+4 (3)
[20:52:33] UFFTYPER: Unrecognized atom type: S_5+4 (3)
[20:52:33] UFFTYPER: Unrecognized atom type: S_5+4 (9)
[20:52:33] UFFTYPER: Unrecognized atom type: S_5+4 (9)
[20:52:33] UFFTYPER: Unrecognized atom type: S_5+4 (9)
[20:52:33] UFFTYPER: Unrecognized atom type: S_5+4 (9)
[20:52:34] UFFTYPER: Unrecognized atom type: S_5+4 (9)
[20:52:34] UFFTYPER: Unrecognized atom type: S_5+4 (13)
[20:52:34] UFFTYPER: Unrecognized atom type: S_5+4 (13)
[20:52:34] UFFTYPER: Unrecognized atom type: S_5+4 (10)
[20:52:34] UFFTYPER: Unrecognized atom type: S_5+4 (6)
[20:52:34] UFFTYPER: Unrecognized atom type: S_5+4 (6)
[20:52:34] UFFTYPER: Unrecognized atom type: S_5+4 (10)
[20:52:35] UFFTYPER: Unrecognized atom type: S_5+4 (9)
[20:52:35] UFFTYPER: Unrecognized atom type: S_5+4 (9)
[20:52:35] UFFTYPER: Unrecognized atom type: S_5+4 (8)
[20:52:35] UFFTYPER: Unrecognized atom type: S_5+4 (8)
[20:52:35] UFFTYPER: Unrecognized atom type: S_5+4 (14)
[20:52:35] UFFTYPER: Unrecognized atom type: S_5+4 (14)
[20:52:35] UFFTYPER: Unrecognized atom type: S_5+4 (10)
[20:52:35] UFFTYPER: Unrecognized atom type: S_5+4 (10)
[20:52:36] UFFTYPER: Unrecognized atom type: S_5+4 (14)
[20:52:36] UFFTYPER: Unrecognized atom type: S_5+4 (14)
[20:52:36] UFFTYPER: Unrecognized atom type: S_5+4 (14)
[20:52:36] UFFTYPER: Unrecognized atom type: S_5+4 (14)
[20:52:36] UFFTYPER: Unrecognized atom type: S_5+4 (8)
[20:52:36] UFFTYPER: Unrecognized atom type: S_5+4 (11)
[20:52:36] UFFTYPER: Unrecognized atom type: S_5+4 (8)
[20:52:36] UFFTYPER: Unrecognized atom type: S_5+4 (11)
[20:52:37] UFFTYPER: Unrecognized atom type: S_5+4 (9)
[20:52:37] UFFTYPER: Unrecognized atom type: S_5+4 (9)
[20:52:37] UFFTYPER: Unrecognized atom type: S_5+4 (10)
[20:52:37] UFFTYPER: Unrecognized atom type: S_5+4 (10)
[20:52:37] UFFTYPER: Unrecognized atom type: S_5+4 (8)
[20:52:37] UFFTYPER: Unrecognized atom type: S_5+4 (8)
[20:52:37] UFFTYPER: Unrecognized atom type: S_5+4 (14)
[20:52:37] UFFTYPER: Unrecognized atom type: S_5+4 (14)
[20:52:38] UFFTYPER: Unrecognized atom type: S_5+4 (10)
[20:52:38] UFFTYPER: Unrecognized atom type: S_5+4 (10)
[20:52:38] UFFTYPER: Unrecognized atom type: S_5+4 (15)
[20:52:38] UFFTYPER: Unrecognized atom type: S_5+4 (15)
[20:52:38] UFFTYPER: Unrecognized atom type: S_5+4 (10)
[20:52:38] UFFTYPER: Unrecognized atom type: S_5+4 (10)
[20:52:38] UFFTYPER: Unrecognized atom type: S_5+4 (13)
[20:52:38] UFFTYPER: Unrecognized atom type: S_5+4 (13)
[20:52:39] UFFTYPER: Unrecognized atom type: S_5+4 (10)
[20:52:39] UFFTYPER: Unrecognized atom type: S_5+4 (10)
[20:52:39] UFFTYPER: Unrecognized atom type: S_5+4 (10)
[20:52:39] UFFTYPER: Unrecognized atom type: S_5+4 (10)
[20:52:39] UFFTYPER: Unrecognized atom type: S_5+4 (11)
[20:52:39] UFFTYPER: Unrecognized atom type: S_5+4 (11)
[20:52:39] UFFTYPER: Unrecognized atom type: S_5+4 (10)
[20:52:39] UFFTYPER: Unrecognized atom type: S_5+4 (10)
[20:52:40] UFFTYPER: Unrecognized atom type: S_5+4 (12)
[20:52:40] UFFTYPER: Unrecognized atom type: S_5+4 (12)
[20:52:40] UFFTYPER: Unrecognized atom type: S_5+4 (10)
[20:52:40] UFFTYPER: Unrecognized atom type: S_5+4 (10)
[20:52:40] UFFTYPER: Unrecognized atom type: S_5+4 (13)
[20:52:40] UFFTYPER: Unrecognized atom type: S_5+4 (13)
[20:52:40] UFFTYPER: Unrecognized atom type: S_5+4 (15)
[20:52:40] UFFTYPER: Unrecognized atom type: S_5+4 (15)
[20:52:41] UFFTYPER: Unrecognized atom type: S_5+4 (13)
[20:52:41] UFFTYPER: Unrecognized atom type: S_5+4 (13)
[20:52:41] UFFTYPER: Unrecognized atom type: S_5+4 (12)
[20:52:41] UFFTYPER: Unrecognized atom type: S_5+4 (12)
[20:52:41] UFFTYPER: Unrecognized atom type: S_5+4 (15)
[20:52:41] UFFTYPER: Unrecognized atom type: S_5+4 (13)
[20:52:42] UFFTYPER: Unrecognized atom type: S_5+4 (15)
[20:52:42] UFFTYPER: Unrecognized atom type: S_5+4 (13)
[20:52:42] UFFTYPER: Unrecognized atom type: S_5+4 (13)
[20:52:42] UFFTYPER: Unrecognized atom type: S_5+4 (13)
[20:52:43] UFFTYPER: Unrecognized atom type: S_5+4 (12)
[20:52:43] UFFTYPER: Unrecognized atom type: S_5+4 (12)
[20:52:43] UFFTYPER: Unrecognized atom type: S_5+4 (13)
[20:52:43] UFFTYPER: Unrecognized atom type: S_5+4 (13)
[20:52:43] UFFTYPER: Unrecognized atom type: S_5+4 (12)
[20:52:43] UFFTYPER: Unrecognized atom type: S_5+4 (12)
[20:52:43] UFFTYPER: Unrecognized atom type: S_5+4 (8)
[20:52:43] UFFTYPER: Unrecognized atom type: S_5+4 (8)
[20:52:44] UFFTYPER: Unrecognized atom type: S_5+4 (14)
[20:52:44] UFFTYPER: Unrecognized atom type: S_5+4 (14)
[20:52:44] UFFTYPER: Unrecognized atom type: S_5+4 (12)
[20:52:44] UFFTYPER: Unrecognized atom type: S_5+4 (12)
[20:52:44] UFFTYPER: Unrecognized atom type: S_5+4 (12)
[20:52:44] UFFTYPER: Unrecognized atom type: S_5+4 (12)
[20:52:44] UFFTYPER: Unrecognized atom type: S_5+4 (10)
[20:52:44] UFFTYPER: Unrecognized atom type: S_5+4 (10)
[20:52:45] UFFTYPER: Unrecognized atom type: S_5+4 (10)
[20:52:45] UFFTYPER: Unrecognized atom type: S_5+4 (10)
[20:52:45] UFFTYPER: Unrecognized atom type: S_5+4 (12)
[20:52:45] UFFTYPER: Unrecognized atom type: S_5+4 (12)
[20:52:45] UFFTYPER: Unrecognized atom type: S_5+4 (13)
[20:52:45] UFFTYPER: Unrecognized atom type: S_5+4 (13)
[20:52:46] UFFTYPER: Unrecognized atom type: S_5+4 (12)
[20:52:46] UFFTYPER: Unrecognized atom type: S_5+4 (12)
[20:52:46] UFFTYPER: Unrecognized atom type: S_5+4 (12)
[20:52:46] UFFTYPER: Unrecognized atom type: S_5+4 (11)
[20:52:46] UFFTYPER: Unrecognized atom type: S_5+4 (12)
[20:52:46] UFFTYPER: Unrecognized atom type: S_5+4 (11)
[20:52:46] UFFTYPER: Unrecognized atom type: S_5+4 (11)
[20:52:46] UFFTYPER: Unrecognized atom type: S_5+4 (11)
[20:52:47] UFFTYPER: Unrecognized atom type: S_5+4 (15)
[20:52:47] UFFTYPER: Unrecognized atom type: S_5+4 (15)
[20:52:47] UFFTYPER: Unrecognized atom type: S_5+4 (12)
[20:52:47] UFFTYPER: Unrecognized atom type: S_5+4 (13)
[20:52:47] UFFTYPER: Unrecognized atom type: S_5+4 (13)
[20:52:47] UFFTYPER: Unrecognized atom type: S_5+4 (12)
[20:52:48] UFFTYPER: Unrecognized atom type: S_5+4 (12)
[20:52:48] UFFTYPER: Unrecognized atom type: S_5+4 (12)
[20:52:48] UFFTYPER: Unrecognized atom type: S_5+4 (11)
[20:52:48] UFFTYPER: Unrecognized atom type: S_5+4 (11)
[20:52:48] UFFTYPER: Unrecognized atom type: S_5+4 (13)
[20:52:48] UFFTYPER: Unrecognized atom type: S_5+4 (13)
[20:52:49] UFFTYPER: Unrecognized atom type: S_5+4 (12)
[20:52:49] UFFTYPER: Unrecognized atom type: S_5+4 (12)
[20:52:49] UFFTYPER: Unrecognized atom type: S_5+4 (16)
[20:52:49] UFFTYPER: Unrecognized atom type: S_5+4 (16)
[20:52:49] UFFTYPER: Unrecognized atom type: S_5+4 (12)
[20:52:49] UFFTYPER: Unrecognized atom type: S_5+4 (12)
[20:52:50] UFFTYPER: Unrecognized atom type: S_5+4 (11)
[20:52:50] UFFTYPER: Unrecognized atom type: S_5+4 (11)
[20:52:50] UFFTYPER: Unrecognized atom type: S_5+4 (12)
[20:52:50] UFFTYPER: Unrecognized atom type: S_5+4 (12)
[20:52:50] UFFTYPER: Unrecognized atom type: S_5+4 (13)
[20:52:50] UFFTYPER: Unrecognized atom type: S_5+4 (13)
[20:52:51] UFFTYPER: Unrecognized atom type: S_5+4 (12)
[20:52:51] UFFTYPER: Unrecognized atom type: S_5+4 (12)
[20:52:51] UFFTYPER: Unrecognized atom type: S_5+4 (13)
[20:52:52] UFFTYPER: Unrecognized atom type: S_5+4 (13)
[20:52:52] UFFTYPER: Unrecognized atom type: S_5+4 (16)
[20:52:52] UFFTYPER: Unrecognized atom type: S_5+4 (16)
[20:52:52] UFFTYPER: Unrecognized atom type: S_5+4 (12)
[20:52:52] UFFTYPER: Unrecognized atom type: S_5+4 (12)
[20:52:53] UFFTYPER: Unrecognized atom type: S_5+4 (11)
[20:52:53] UFFTYPER: Unrecognized atom type: S_5+4 (11)
[20:52:53] UFFTYPER: Unrecognized atom type: S_5+4 (14)
[20:52:53] UFFTYPER: Unrecognized atom type: S_5+4 (14)
[20:52:53] UFFTYPER: Unrecognized atom type: S_5+4 (13)
[20:52:53] UFFTYPER: Unrecognized atom type: S_5+4 (13)
[20:52:54] UFFTYPER: Unrecognized atom type: S_5+4 (13)
[20:52:54] UFFTYPER: Unrecognized atom type: S_5+4 (13)
[20:52:54] UFFTYPER: Unrecognized atom type: S_5+4 (12)
[20:52:54] UFFTYPER: Unrecognized atom type: S_5+4 (12)
[20:52:54] UFFTYPER: Unrecognized atom type: S_5+4 (13)
[20:52:54] UFFTYPER: Unrecognized atom type: S_5+4 (13)
[20:52:55] UFFTYPER: Unrecognized atom type: S_5+4 (12)
[20:52:55] UFFTYPER: Unrecognized atom type: S_5+4 (12)
[20:52:55] UFFTYPER: Unrecognized atom type: S_5+4 (12)
[20:52:55] UFFTYPER: Unrecognized atom type: S_5+4 (12)
[20:54:08] UFFTYPER: Unrecognized atom type: S_5+4 (10)
[20:54:08] UFFTYPER: Unrecognized atom type: S_5+4 (12)
[20:54:08] [20:54:08] UFFTYPER: Unrecognized atom type: S_5+4 (11)UFFTYPER: Unrecognized atom type: 
S_5+4 (16)
[20:54:08] UFFTYPER: Unrecognized atom type: S_5+4 (10)
[20:54:08] UFFTYPER: Unrecognized atom type: S_5+4 (16)
[20:54:08] UFFTYPER: Unrecognized atom type: S_5+4 (12)
[20:54:08] UFFTYPER: Unrecognized atom type: S_5+4 (11)
[20:54:09] UFFTYPER: Unrecognized atom type: S_5+4 (11)
[20:54:09] UFFTYPER: Unrecognized atom type: S_5+4 (11)
[20:54:09] UFFTYPER: Unrecognized atom type: S_5+4 (10)
[20:54:09] UFFTYPER: Unrecognized atom type: S_5+4 (15)
[20:54:09] UFFTYPER: Unrecognized atom type: S_5+4 (10)
[20:54:09] UFFTYPER: Unrecognized atom type: S_5+4 (15)
[20:54:09] UFFTYPER: Unrecognized atom type: S_5+4 (11)
[20:54:09] UFFTYPER: Unrecognized atom type: S_5+4 (11)
[20:54:10] UFFTYPER: Unrecognized atom type: S_5+4 (12)
[20:54:10] UFFTYPER: Unrecognized atom type: S_5+4 (12)
[20:54:10] UFFTYPER: Unrecognized atom type: S_5+4 (12)
[20:54:10] UFFTYPER: Unrecognized atom type: S_5+4 (12)
[20:54:10] UFFTYPER: Unrecognized atom type: S_5+4 (14)
[20:54:10] UFFTYPER: Unrecognized atom type: S_5+4 (16)
[20:54:10] UFFTYPER: Unrecognized atom type: S_5+4 (14)
[20:54:10] UFFTYPER: Unrecognized atom type: S_5+4 (16)
[20:54:11] UFFTYPER: Unrecognized atom type: S_5+4 (11)
[20:54:11] UFFTYPER: Unrecognized atom type: S_5+4 (11)
[20:54:11] UFFTYPER: Unrecognized atom type: S_5+4 (13)
[20:54:11] UFFTYPER: Unrecognized atom type: S_5+4 (13)
[20:54:11] UFFTYPER: Unrecognized atom type: S_5+4 (17)
[20:54:11] UFFTYPER: Unrecognized atom type: S_5+4 (12)
[20:54:11] UFFTYPER: Unrecognized atom type: S_5+4 (12)
[20:54:11] UFFTYPER: Unrecognized atom type: S_5+4 (17)
[20:54:12] UFFTYPER: Unrecognized atom type: S_5+4 (12)
[20:54:12] UFFTYPER: Unrecognized atom type: S_5+4 (12)
[20:54:12] UFFTYPER: Unrecognized atom type: S_5+4 (11)
[20:54:12] UFFTYPER: Unrecognized atom type: S_5+4 (11)
[20:54:12] UFFTYPER: Unrecognized atom type: S_5+4 (12)
[20:54:12] UFFTYPER: Unrecognized atom type: S_5+4 (13)
[20:54:12] UFFTYPER: Unrecognized atom type: S_5+4 (12)
[20:54:12] UFFTYPER: Unrecognized atom type: S_5+4 (13)
[20:54:13] UFFTYPER: Unrecognized atom type: S_5+4 (11)
[20:54:13] UFFTYPER: Unrecognized atom type: S_5+4 (11)
[20:54:13] UFFTYPER: Unrecognized atom type: S_5+4 (11)
[20:54:13] UFFTYPER: Unrecognized atom type: S_5+4 (11)
[20:54:13] UFFTYPER: Unrecognized atom type: S_5+4 (10)
[20:54:13] UFFTYPER: Unrecognized atom type: S_5+4 (10)
[20:54:13] UFFTYPER: Unrecognized atom type: S_5+4 (14)
[20:54:13] UFFTYPER: Unrecognized atom type: S_5+4 (14)
[20:54:14] UFFTYPER: Unrecognized atom type: S_5+4 (12)
[20:54:14] UFFTYPER: Unrecognized atom type: S_5+4 (11)
[20:54:14] UFFTYPER: Unrecognized atom type: S_5+4 (12)
[20:54:14] UFFTYPER: Unrecognized atom type: S_5+4 (11)
[20:54:14] UFFTYPER: Unrecognized atom type: S_5+4 (17)
[20:54:14] UFFTYPER: Unrecognized atom type: S_5+4 (17)
[20:54:15] UFFTYPER: Unrecognized atom type: S_5+4 (13)
[20:54:15] UFFTYPER: Unrecognized atom type: S_5+4 (13)
[20:54:15] UFFTYPER: Unrecognized atom type: S_5+4 (12)
[20:54:15] UFFTYPER: Unrecognized atom type: S_5+4 (12)
[20:54:15] UFFTYPER: Unrecognized atom type: S_5+4 (13)
[20:54:15] UFFTYPER: Unrecognized atom type: S_5+4 (13)
[20:54:15] UFFTYPER: Unrecognized atom type: S_5+4 (13)
[20:54:15] UFFTYPER: Unrecognized atom type: S_5+4 (13)
[20:54:16] UFFTYPER: Unrecognized atom type: S_5+4 (11)
[20:54:16] UFFTYPER: Unrecognized atom type: S_5+4 (11)
[20:54:16] UFFTYPER: Unrecognized atom type: S_5+4 (12)
[20:54:16] UFFTYPER: Unrecognized atom type: S_5+4 (12)
[20:54:16] UFFTYPER: Unrecognized atom type: S_5+4 (16)
[20:54:16] UFFTYPER: Unrecognized atom type: S_5+4 (16)
[20:54:16] UFFTYPER: Unrecognized atom type: S_5+4 (16)
[20:54:16] UFFTYPER: Unrecognized atom type: S_5+4 (16)
[20:54:17] UFFTYPER: Unrecognized atom type: S_5+4 (15)
[20:54:17] UFFTYPER: Unrecognized atom type: S_5+4 (15)
[20:54:17] UFFTYPER: Unrecognized atom type: S_5+4 (14)
[20:54:17] UFFTYPER: Unrecognized atom type: S_5+4 (14)
[20:54:17] UFFTYPER: Unrecognized atom type: S_5+4 (16)
[20:54:18] UFFTYPER: Unrecognized atom type: S_5+4 (16)
[20:54:18] UFFTYPER: Unrecognized atom type: S_5+4 (16)
[20:54:18] UFFTYPER: Unrecognized atom type: S_5+4 (16)
[20:54:18] UFFTYPER: Unrecognized atom type: S_5+4 (11)
[20:54:18] UFFTYPER: Unrecognized atom type: S_5+4 (11)
[20:54:19] UFFTYPER: Unrecognized atom type: S_5+4 (12)
[20:54:19] UFFTYPER: Unrecognized atom type: S_5+4 (12)
[20:54:19] UFFTYPER: Unrecognized atom type: S_5+4 (16)
[20:54:19] UFFTYPER: Unrecognized atom type: S_5+4 (16)
[20:54:19] UFFTYPER: Unrecognized atom type: S_5+4 (10)
[20:54:19] UFFTYPER: Unrecognized atom type: S_5+4 (10)
[20:54:19] UFFTYPER: Unrecognized atom type: S_5+4 (16)
[20:54:19] UFFTYPER: Unrecognized atom type: S_5+4 (16)
[20:54:20] UFFTYPER: Unrecognized atom type: S_5+4 (14)
[20:54:20] UFFTYPER: Unrecognized atom type: S_5+4 (16)
[20:54:20] UFFTYPER: Unrecognized atom type: S_5+4 (14)
[20:54:20] UFFTYPER: Unrecognized atom type: S_5+4 (16)
[20:54:20] UFFTYPER: Unrecognized atom type: S_5+4 (10)
[20:54:20] UFFTYPER: Unrecognized atom type: S_5+4 (10)
[20:54:20] UFFTYPER: Unrecognized atom type: S_5+4 (13)
[20:54:20] UFFTYPER: Unrecognized atom type: S_5+4 (13)
[20:54:21] UFFTYPER: Unrecognized atom type: S_5+4 (12)
[20:54:21] UFFTYPER: Unrecognized atom type: S_5+4 (12)
[20:54:22] UFFTYPER: Unrecognized atom type: S_5+4 (11)
[20:54:22] UFFTYPER: Unrecognized atom type: S_5+4 (11)
[20:54:23] UFFTYPER: Unrecognized atom type: S_5+4 (16)
[20:54:23] UFFTYPER: Unrecognized atom type: S_5+4 (16)
